

================================================================
== Synthesis Summary Report of 'table_serch'
================================================================
+ General Information: 
    * Date:           Wed Apr 13 19:35:58 2022
    * Version:        2020.2 (Build 3064766 on Wed Nov 18 09:12:47 MST 2020)
    * Project:        table_serch
    * Solution:       solution (Vitis Kernel Flow Target)
    * Product family: virtexuplus
    * Target device:  xcu200-fsgd2104-2-e
    

+ Performance & Resource Estimates: 
    
    PS: '+' for module; 'o' for loop; '*' for dataflow
    +---------------------------+------+-------+---------+---------+----------+---------+------+----------+---------+----+------------+------------+-----+
    |          Modules          | Issue|       | Latency | Latency | Iteration|         | Trip |          |         |    |            |            |     |
    |          & Loops          | Type | Slack | (cycles)|   (ns)  |  Latency | Interval| Count| Pipelined|  BRAM   | DSP|     FF     |     LUT    | URAM|
    +---------------------------+------+-------+---------+---------+----------+---------+------+----------+---------+----+------------+------------+-----+
    |+ table_serch              |     -|   0.00|        -|        -|         -|        -|     -|        no|  66 (1%)|   -|  28644 (1%)|  22592 (1%)|    -|
    | o flame_serch_hash_serch  |     -|  -2.43|        -|        -|         -|        -|     -|        no|        -|   -|           -|           -|    -|
    |  o bucket_loop            |     -|  -2.43|        -|        -|       396|        -|     -|        no|        -|   -|           -|           -|    -|
    |   o screening_loop        |     -|  -2.43|       96|  319.968|         1|        1|    96|       yes|        -|   -|           -|           -|    -|
    |   o seisa_loop            |    II|  -2.43|       78|  259.974|        15|       13|     5|       yes|        -|   -|           -|           -|    -|
    +---------------------------+------+-------+---------+---------+----------+---------+------+----------+---------+----+------------+------------+-----+

