

================================================================
== Synthesis Summary Report of 'table_serch'
================================================================
+ General Information: 
    * Date:           Sun Apr 10 16:17:49 2022
    * Version:        2020.2 (Build 3064766 on Wed Nov 18 09:12:47 MST 2020)
    * Project:        StagedLSH_ver1.2
    * Solution:       solution2 (Vitis Kernel Flow Target)
    * Product family: virtexuplus
    * Target device:  xcu200-fsgd2104-2-e
    

+ Performance & Resource Estimates: 
    
    PS: '+' for module; 'o' for loop; '*' for dataflow
    +----------------------------+--------+-------+---------+---------+----------+---------+------+----------+----------+----+------------+------------+-----+
    |           Modules          |  Issue |       | Latency | Latency | Iteration|         | Trip |          |          |    |            |            |     |
    |           & Loops          |  Type  | Slack | (cycles)|   (ns)  |  Latency | Interval| Count| Pipelined|   BRAM   | DSP|     FF     |     LUT    | URAM|
    +----------------------------+--------+-------+---------+---------+----------+---------+------+----------+----------+----+------------+------------+-----+
    |+ table_serch               |  Timing|   0.00|        -|        -|         -|        -|     -|        no|  10 (~0%)|   -|  44692 (1%)|  69892 (5%)|    -|
    | + grp_backet_serch_fu_275  |  Timing|   0.00|        -|        -|         -|        -|     -|        no|         -|   -|  41253 (1%)|  65323 (5%)|    -|
    |  o bucket_loop             |       -|  -7.30|        -|        -|     13684|        -|     -|        no|         -|   -|           -|           -|    -|
    |   o screening_loop         |       -|  -7.30|       96|  960.000|         1|        1|    96|       yes|         -|   -|           -|           -|    -|
    |   o seisa32_loop           |       -|  -7.30|       32|  320.000|         1|        1|    32|       yes|         -|   -|           -|           -|    -|
    |   o seisa32_loop           |       -|  -7.30|       32|  320.000|         1|        1|    32|       yes|         -|   -|           -|           -|    -|
    |   o seisa32_loop           |       -|  -7.30|       32|  320.000|         1|        1|    32|       yes|         -|   -|           -|           -|    -|
    |   o seisa32_loop           |       -|  -7.30|       32|  320.000|         1|        1|    32|       yes|         -|   -|           -|           -|    -|
    |   o seisa32_loop           |       -|  -7.30|       32|  320.000|         1|        1|    32|       yes|         -|   -|           -|           -|    -|
    |   o seisa32_loop           |       -|  -7.30|       32|  320.000|         1|        1|    32|       yes|         -|   -|           -|           -|    -|
    |   o seisa32_loop           |       -|  -7.30|       32|  320.000|         1|        1|    32|       yes|         -|   -|           -|           -|    -|
    |   o seisa32_loop           |       -|  -7.30|       32|  320.000|         1|        1|    32|       yes|         -|   -|           -|           -|    -|
    |   o seisa32_loop           |       -|  -7.30|       32|  320.000|         1|        1|    32|       yes|         -|   -|           -|           -|    -|
    |   o seisa32_loop           |       -|  -7.30|       32|  320.000|         1|        1|    32|       yes|         -|   -|           -|           -|    -|
    |   o seisa32_loop           |       -|  -7.30|       32|  320.000|         1|        1|    32|       yes|         -|   -|           -|           -|    -|
    |   o seisa32_loop           |       -|  -7.30|       32|  320.000|         1|        1|    32|       yes|         -|   -|           -|           -|    -|
    |   o seisa32_loop           |       -|  -7.30|       32|  320.000|         1|        1|    32|       yes|         -|   -|           -|           -|    -|
    |   o seisa32_loop           |       -|  -7.30|       32|  320.000|         1|        1|    32|       yes|         -|   -|           -|           -|    -|
    |   o seisa32_loop           |       -|  -7.30|       32|  320.000|         1|        1|    32|       yes|         -|   -|           -|           -|    -|
    |   o seisa32_loop           |       -|  -7.30|       32|  320.000|         1|        1|    32|       yes|         -|   -|           -|           -|    -|
    |   o seisa32_loop           |       -|  -7.30|       32|  320.000|         1|        1|    32|       yes|         -|   -|           -|           -|    -|
    |   o seisa32_loop           |       -|  -7.30|       32|  320.000|         1|        1|    32|       yes|         -|   -|           -|           -|    -|
    |   o seisa32_loop           |       -|  -7.30|       32|  320.000|         1|        1|    32|       yes|         -|   -|           -|           -|    -|
    |   o seisa32_loop           |       -|  -7.30|       32|  320.000|         1|        1|    32|       yes|         -|   -|           -|           -|    -|
    |   o seisa32_loop           |       -|  -7.30|       32|  320.000|         1|        1|    32|       yes|         -|   -|           -|           -|    -|
    |   o seisa32_loop           |       -|  -7.30|       32|  320.000|         1|        1|    32|       yes|         -|   -|           -|           -|    -|
    |   o seisa32_loop           |       -|  -7.30|       32|  320.000|         1|        1|    32|       yes|         -|   -|           -|           -|    -|
    |   o seisa32_loop           |       -|  -7.30|       32|  320.000|         1|        1|    32|       yes|         -|   -|           -|           -|    -|
    |   o seisa32_loop           |       -|  -7.30|       32|  320.000|         1|        1|    32|       yes|         -|   -|           -|           -|    -|
    |   o seisa32_loop           |       -|  -7.30|       32|  320.000|         1|        1|    32|       yes|         -|   -|           -|           -|    -|
    |   o seisa32_loop           |       -|  -7.30|       32|  320.000|         1|        1|    32|       yes|         -|   -|           -|           -|    -|
    |   o seisa32_loop           |       -|  -7.30|       32|  320.000|         1|        1|    32|       yes|         -|   -|           -|           -|    -|
    |   o seisa32_loop           |       -|  -7.30|       32|  320.000|         1|        1|    32|       yes|         -|   -|           -|           -|    -|
    |   o seisa32_loop           |       -|  -7.30|       32|  320.000|         1|        1|    32|       yes|         -|   -|           -|           -|    -|
    |   o seisa32_loop           |       -|  -7.30|       32|  320.000|         1|        1|    32|       yes|         -|   -|           -|           -|    -|
    |   o seisa32_loop           |       -|  -7.30|       32|  320.000|         1|        1|    32|       yes|         -|   -|           -|           -|    -|
    |   o seisa32_loop           |       -|  -7.30|       32|  320.000|         1|        1|    32|       yes|         -|   -|           -|           -|    -|
    |   o seisa32_loop           |       -|  -7.30|       32|  320.000|         1|        1|    32|       yes|         -|   -|           -|           -|    -|
    |   o seisa32_loop           |       -|  -7.30|       32|  320.000|         1|        1|    32|       yes|         -|   -|           -|           -|    -|
    |   o seisa32_loop           |       -|  -7.30|       32|  320.000|         1|        1|    32|       yes|         -|   -|           -|           -|    -|
    |   o seisa32_loop           |       -|  -7.30|       32|  320.000|         1|        1|    32|       yes|         -|   -|           -|           -|    -|
    |   o seisa32_loop           |       -|  -7.30|       32|  320.000|         1|        1|    32|       yes|         -|   -|           -|           -|    -|
    |   o seisa32_loop           |       -|  -7.30|       32|  320.000|         1|        1|    32|       yes|         -|   -|           -|           -|    -|
    |   o seisa32_loop           |       -|  -7.30|       32|  320.000|         1|        1|    32|       yes|         -|   -|           -|           -|    -|
    |   o seisa32_loop           |       -|  -7.30|       32|  320.000|         1|        1|    32|       yes|         -|   -|           -|           -|    -|
    |   o seisa32_loop           |       -|  -7.30|       32|  320.000|         1|        1|    32|       yes|         -|   -|           -|           -|    -|
    |   o seisa32_loop           |       -|  -7.30|       32|  320.000|         1|        1|    32|       yes|         -|   -|           -|           -|    -|
    |   o seisa32_loop           |       -|  -7.30|       32|  320.000|         1|        1|    32|       yes|         -|   -|           -|           -|    -|
    |   o seisa32_loop           |       -|  -7.30|       32|  320.000|         1|        1|    32|       yes|         -|   -|           -|           -|    -|
    |   o seisa32_loop           |       -|  -7.30|       32|  320.000|         1|        1|    32|       yes|         -|   -|           -|           -|    -|
    |   o seisa32_loop           |       -|  -7.30|       32|  320.000|         1|        1|    32|       yes|         -|   -|           -|           -|    -|
    |   o seisa32_loop           |       -|  -7.30|       32|  320.000|         1|        1|    32|       yes|         -|   -|           -|           -|    -|
    |   o seisa32_loop           |       -|  -7.30|       32|  320.000|         1|        1|    32|       yes|         -|   -|           -|           -|    -|
    |   o seisa32_loop           |       -|  -7.30|       32|  320.000|         1|        1|    32|       yes|         -|   -|           -|           -|    -|
    |   o seisa32_loop           |       -|  -7.30|       32|  320.000|         1|        1|    32|       yes|         -|   -|           -|           -|    -|
    |   o seisa32_loop           |       -|  -7.30|       32|  320.000|         1|        1|    32|       yes|         -|   -|           -|           -|    -|
    |   o seisa32_loop           |       -|  -7.30|       32|  320.000|         1|        1|    32|       yes|         -|   -|           -|           -|    -|
    |   o seisa32_loop           |       -|  -7.30|       32|  320.000|         1|        1|    32|       yes|         -|   -|           -|           -|    -|
    |   o seisa32_loop           |       -|  -7.30|       32|  320.000|         1|        1|    32|       yes|         -|   -|           -|           -|    -|
    |   o seisa32_loop           |       -|  -7.30|       32|  320.000|         1|        1|    32|       yes|         -|   -|           -|           -|    -|
    |   o seisa32_loop           |       -|  -7.30|       32|  320.000|         1|        1|    32|       yes|         -|   -|           -|           -|    -|
    |   o seisa32_loop           |       -|  -7.30|       32|  320.000|         1|        1|    32|       yes|         -|   -|           -|           -|    -|
    |   o seisa32_loop           |       -|  -7.30|       32|  320.000|         1|        1|    32|       yes|         -|   -|           -|           -|    -|
    |   o seisa32_loop           |       -|  -7.30|       32|  320.000|         1|        1|    32|       yes|         -|   -|           -|           -|    -|
    |   o seisa32_loop           |       -|  -7.30|       32|  320.000|         1|        1|    32|       yes|         -|   -|           -|           -|    -|
    |   o seisa32_loop           |       -|  -7.30|       32|  320.000|         1|        1|    32|       yes|         -|   -|           -|           -|    -|
    |   o seisa32_loop           |       -|  -7.30|       32|  320.000|         1|        1|    32|       yes|         -|   -|           -|           -|    -|
    |   o seisa32_loop           |       -|  -7.30|       32|  320.000|         1|        1|    32|       yes|         -|   -|           -|           -|    -|
    |   o seisa32_loop           |       -|  -7.30|       32|  320.000|         1|        1|    32|       yes|         -|   -|           -|           -|    -|
    |   o seisa32_loop           |       -|  -7.30|       32|  320.000|         1|        1|    32|       yes|         -|   -|           -|           -|    -|
    |   o seisa32_loop           |       -|  -7.30|       32|  320.000|         1|        1|    32|       yes|         -|   -|           -|           -|    -|
    |   o seisa32_loop           |       -|  -7.30|       32|  320.000|         1|        1|    32|       yes|         -|   -|           -|           -|    -|
    |   o seisa32_loop           |       -|  -7.30|       32|  320.000|         1|        1|    32|       yes|         -|   -|           -|           -|    -|
    |   o seisa32_loop           |       -|  -7.30|       32|  320.000|         1|        1|    32|       yes|         -|   -|           -|           -|    -|
    |   o seisa32_loop           |       -|  -7.30|       32|  320.000|         1|        1|    32|       yes|         -|   -|           -|           -|    -|
    |   o seisa32_loop           |       -|  -7.30|       32|  320.000|         1|        1|    32|       yes|         -|   -|           -|           -|    -|
    |   o seisa32_loop           |       -|  -7.30|       32|  320.000|         1|        1|    32|       yes|         -|   -|           -|           -|    -|
    |   o seisa32_loop           |       -|  -7.30|       32|  320.000|         1|        1|    32|       yes|         -|   -|           -|           -|    -|
    |   o seisa32_loop           |       -|  -7.30|       32|  320.000|         1|        1|    32|       yes|         -|   -|           -|           -|    -|
    |   o seisa32_loop           |       -|  -7.30|       32|  320.000|         1|        1|    32|       yes|         -|   -|           -|           -|    -|
    |   o seisa32_loop           |       -|  -7.30|       32|  320.000|         1|        1|    32|       yes|         -|   -|           -|           -|    -|
    |   o seisa32_loop           |       -|  -7.30|       32|  320.000|         1|        1|    32|       yes|         -|   -|           -|           -|    -|
    |   o seisa32_loop           |       -|  -7.30|       32|  320.000|         1|        1|    32|       yes|         -|   -|           -|           -|    -|
    |   o seisa32_loop           |       -|  -7.30|       32|  320.000|         1|        1|    32|       yes|         -|   -|           -|           -|    -|
    |   o seisa32_loop           |       -|  -7.30|       32|  320.000|         1|        1|    32|       yes|         -|   -|           -|           -|    -|
    |   o seisa32_loop           |       -|  -7.30|       32|  320.000|         1|        1|    32|       yes|         -|   -|           -|           -|    -|
    |   o seisa32_loop           |       -|  -7.30|       32|  320.000|         1|        1|    32|       yes|         -|   -|           -|           -|    -|
    |   o seisa32_loop           |       -|  -7.30|       32|  320.000|         1|        1|    32|       yes|         -|   -|           -|           -|    -|
    |   o seisa32_loop           |       -|  -7.30|       32|  320.000|         1|        1|    32|       yes|         -|   -|           -|           -|    -|
    |   o seisa32_loop           |       -|  -7.30|       32|  320.000|         1|        1|    32|       yes|         -|   -|           -|           -|    -|
    |   o seisa32_loop           |       -|  -7.30|       32|  320.000|         1|        1|    32|       yes|         -|   -|           -|           -|    -|
    |   o seisa32_loop           |       -|  -7.30|       32|  320.000|         1|        1|    32|       yes|         -|   -|           -|           -|    -|
    |   o seisa32_loop           |       -|  -7.30|       32|  320.000|         1|        1|    32|       yes|         -|   -|           -|           -|    -|
    |   o seisa32_loop           |       -|  -7.30|       32|  320.000|         1|        1|    32|       yes|         -|   -|           -|           -|    -|
    |   o seisa32_loop           |       -|  -7.30|       32|  320.000|         1|        1|    32|       yes|         -|   -|           -|           -|    -|
    |   o seisa32_loop           |       -|  -7.30|       32|  320.000|         1|        1|    32|       yes|         -|   -|           -|           -|    -|
    |   o seisa32_loop           |       -|  -7.30|       32|  320.000|         1|        1|    32|       yes|         -|   -|           -|           -|    -|
    |   o seisa32_loop           |       -|  -7.30|       32|  320.000|         1|        1|    32|       yes|         -|   -|           -|           -|    -|
    |   o seisa32_loop           |       -|  -7.30|       32|  320.000|         1|        1|    32|       yes|         -|   -|           -|           -|    -|
    |   o seisa32_loop           |       -|  -7.30|       32|  320.000|         1|        1|    32|       yes|         -|   -|           -|           -|    -|
    |   o seisa32_loop           |       -|  -7.30|       32|  320.000|         1|        1|    32|       yes|         -|   -|           -|           -|    -|
    |   o seisa32_loop           |       -|  -7.30|       32|  320.000|         1|        1|    32|       yes|         -|   -|           -|           -|    -|
    |   o seisa32_loop           |       -|  -7.30|       32|  320.000|         1|        1|    32|       yes|         -|   -|           -|           -|    -|
    |   o seisa32_loop           |       -|  -7.30|       32|  320.000|         1|        1|    32|       yes|         -|   -|           -|           -|    -|
    |   o seisa32_loop           |       -|  -7.30|       32|  320.000|         1|        1|    32|       yes|         -|   -|           -|           -|    -|
    |   o seisa32_loop           |       -|  -7.30|       32|  320.000|         1|        1|    32|       yes|         -|   -|           -|           -|    -|
    |   o seisa32_loop           |       -|  -7.30|       32|  320.000|         1|        1|    32|       yes|         -|   -|           -|           -|    -|
    |   o seisa32_loop           |       -|  -7.30|       32|  320.000|         1|        1|    32|       yes|         -|   -|           -|           -|    -|
    |   o seisa32_loop           |       -|  -7.30|       32|  320.000|         1|        1|    32|       yes|         -|   -|           -|           -|    -|
    |   o seisa32_loop           |       -|  -7.30|       32|  320.000|         1|        1|    32|       yes|         -|   -|           -|           -|    -|
    |   o seisa32_loop           |       -|  -7.30|       32|  320.000|         1|        1|    32|       yes|         -|   -|           -|           -|    -|
    |   o seisa32_loop           |       -|  -7.30|       32|  320.000|         1|        1|    32|       yes|         -|   -|           -|           -|    -|
    |   o seisa32_loop           |       -|  -7.30|       32|  320.000|         1|        1|    32|       yes|         -|   -|           -|           -|    -|
    |   o seisa32_loop           |       -|  -7.30|       32|  320.000|         1|        1|    32|       yes|         -|   -|           -|           -|    -|
    |   o seisa32_loop           |       -|  -7.30|       32|  320.000|         1|        1|    32|       yes|         -|   -|           -|           -|    -|
    |   o seisa32_loop           |       -|  -7.30|       32|  320.000|         1|        1|    32|       yes|         -|   -|           -|           -|    -|
    |   o seisa32_loop           |       -|  -7.30|       32|  320.000|         1|        1|    32|       yes|         -|   -|           -|           -|    -|
    |   o seisa32_loop           |       -|  -7.30|       32|  320.000|         1|        1|    32|       yes|         -|   -|           -|           -|    -|
    |   o seisa32_loop           |       -|  -7.30|       32|  320.000|         1|        1|    32|       yes|         -|   -|           -|           -|    -|
    |   o seisa32_loop           |       -|  -7.30|       32|  320.000|         1|        1|    32|       yes|         -|   -|           -|           -|    -|
    |   o seisa32_loop           |       -|  -7.30|       32|  320.000|         1|        1|    32|       yes|         -|   -|           -|           -|    -|
    |   o seisa32_loop           |       -|  -7.30|       32|  320.000|         1|        1|    32|       yes|         -|   -|           -|           -|    -|
    |   o seisa32_loop           |       -|  -7.30|       32|  320.000|         1|        1|    32|       yes|         -|   -|           -|           -|    -|
    |   o seisa32_loop           |       -|  -7.30|       32|  320.000|         1|        1|    32|       yes|         -|   -|           -|           -|    -|
    |   o seisa32_loop           |       -|  -7.30|       32|  320.000|         1|        1|    32|       yes|         -|   -|           -|           -|    -|
    |   o seisa32_loop           |       -|  -7.30|       32|  320.000|         1|        1|    32|       yes|         -|   -|           -|           -|    -|
    |   o seisa32_loop           |       -|  -7.30|       32|  320.000|         1|        1|    32|       yes|         -|   -|           -|           -|    -|
    |   o seisa32_loop           |       -|  -7.30|       32|  320.000|         1|        1|    32|       yes|         -|   -|           -|           -|    -|
    |   o seisa32_loop           |       -|  -7.30|       32|  320.000|         1|        1|    32|       yes|         -|   -|           -|           -|    -|
    |   o seisa32_loop           |       -|  -7.30|       32|  320.000|         1|        1|    32|       yes|         -|   -|           -|           -|    -|
    |   o seisa32_loop           |       -|  -7.30|       32|  320.000|         1|        1|    32|       yes|         -|   -|           -|           -|    -|
    |   o seisa32_loop           |       -|  -7.30|       32|  320.000|         1|        1|    32|       yes|         -|   -|           -|           -|    -|
    | o flame_serch              |       -|  -7.30|        -|        -|         -|        -|     -|        no|         -|   -|           -|           -|    -|
    |  o hash_serch              |       -|  -7.30|        -|        -|         -|        -|     -|        no|         -|   -|           -|           -|    -|
    +----------------------------+--------+-------+---------+---------+----------+---------+------+----------+----------+----+------------+------------+-----+

