

================================================================
== Vitis HLS Report for 'table_serch'
================================================================
* Date:           Fri Apr  8 12:47:03 2022

* Version:        2020.2 (Build 3064766 on Wed Nov 18 09:12:47 MST 2020)
* Project:        StagedLSH_ver1.2
* Solution:       solution2 (Vitis Kernel Flow Target)
* Product family: virtexuplus
* Target device:  xcu200-fsgd2104-2-e


================================================================
== Performance Estimates
================================================================
+ Timing: 
    * Summary: 
    +--------+----------+----------+------------+
    |  Clock |  Target  | Estimated| Uncertainty|
    +--------+----------+----------+------------+
    |ap_clk  |  10.00 ns|  7.300 ns|     2.70 ns|
    +--------+----------+----------+------------+

+ Latency: 
    * Summary: 
    +---------+---------+----------+----------+-----+-----+---------+
    |  Latency (cycles) |  Latency (absolute) |  Interval | Pipeline|
    |   min   |   max   |    min   |    max   | min | max |   Type  |
    +---------+---------+----------+----------+-----+-----+---------+
    |        ?|        ?|         ?|         ?|    ?|    ?|     none|
    +---------+---------+----------+----------+-----+-----+---------+

    + Detail: 
        * Instance: 
        +-------------------------+--------------+---------+---------+----------+----------+-----+-----+---------+
        |                         |              |  Latency (cycles) |  Latency (absolute) |  Interval | Pipeline|
        |         Instance        |    Module    |   min   |   max   |    min   |    max   | min | max |   Type  |
        +-------------------------+--------------+---------+---------+----------+----------+-----+-----+---------+
        |grp_backet_serch_fu_275  |backet_serch  |        ?|        ?|         ?|         ?|    ?|    ?|     none|
        +-------------------------+--------------+---------+---------+----------+----------+-----+-----+---------+

        * Loop: 
        +---------------+---------+---------+----------+-----------+-----------+---------+----------+
        |               |  Latency (cycles) | Iteration|  Initiation Interval  |   Trip  |          |
        |   Loop Name   |   min   |   max   |  Latency |  achieved |   target  |  Count  | Pipelined|
        +---------------+---------+---------+----------+-----------+-----------+---------+----------+
        |- flame_serch  |        ?|        ?|         ?|          -|          -|  1 ~ 126|        no|
        | + hash_serch  |        ?|        ?|         ?|          -|          -|    1 ~ 2|        no|
        +---------------+---------+---------+----------+-----------+-----------+---------+----------+



================================================================
== Utilization Estimates
================================================================
* Summary: 
+---------------------+---------+------+---------+---------+-----+
|         Name        | BRAM_18K|  DSP |    FF   |   LUT   | URAM|
+---------------------+---------+------+---------+---------+-----+
|DSP                  |        -|     -|        -|        -|    -|
|Expression           |        -|     -|        0|      363|    -|
|FIFO                 |        -|     -|        -|        -|    -|
|Instance             |       10|     -|    43703|    68445|    -|
|Memory               |        -|     -|        -|        -|    -|
|Multiplexer          |        -|     -|        -|     1084|    -|
|Register             |        -|     -|      989|        -|    -|
+---------------------+---------+------+---------+---------+-----+
|Total                |       10|     0|    44692|    69892|    0|
+---------------------+---------+------+---------+---------+-----+
|Available SLR        |     1440|  2280|   788160|   394080|  320|
+---------------------+---------+------+---------+---------+-----+
|Utilization SLR (%)  |       ~0|     0|        5|       17|    0|
+---------------------+---------+------+---------+---------+-----+
|Available            |     4320|  6840|  2364480|  1182240|  960|
+---------------------+---------+------+---------+---------+-----+
|Utilization (%)      |       ~0|     0|        1|        5|    0|
+---------------------+---------+------+---------+---------+-----+

+ Detail: 
    * Instance: 
    +-----------------------------+---------------------------+---------+----+-------+-------+-----+
    |           Instance          |           Module          | BRAM_18K| DSP|   FF  |  LUT  | URAM|
    +-----------------------------+---------------------------+---------+----+-------+-------+-----+
    |FP_DB1_m_axi_U               |FP_DB1_m_axi               |        2|   0|    512|    580|    0|
    |grp_backet_serch_fu_275      |backet_serch               |        0|   0|  41253|  65323|    0|
    |control_s_axi_U              |control_s_axi              |        0|   0|    348|    616|    0|
    |hash_table1_m_axi_U          |hash_table1_m_axi          |        2|   0|    512|    580|    0|
    |hash_table_pointer1_m_axi_U  |hash_table_pointer1_m_axi  |        2|   0|    512|    580|    0|
    |query1_m_axi_U               |query1_m_axi               |        4|   0|    566|    766|    0|
    +-----------------------------+---------------------------+---------+----+-------+-------+-----+
    |Total                        |                           |       10|   0|  43703|  68445|    0|
    +-----------------------------+---------------------------+---------+----+-------+-------+-----+

    * DSP: 
    N/A

    * Memory: 
    N/A

    * FIFO: 
    N/A

    * Expression: 
    +-----------------------------------+----------+----+---+-----+------------+------------+
    |           Variable Name           | Operation| DSP| FF| LUT | Bitwidth P0| Bitwidth P1|
    +-----------------------------------+----------+----+---+-----+------------+------------+
    |L_1_fu_552_p2                      |         +|   0|  0|    9|           2|           1|
    |add_ln59_fu_341_p2                 |         +|   0|  0|   14|           7|           1|
    |add_ln62_1_fu_365_p2               |         +|   0|  0|   71|          64|          64|
    |add_ln62_2_fu_402_p2               |         +|   0|  0|   10|           3|           3|
    |add_ln62_fu_355_p2                 |         +|   0|  0|   16|           9|           4|
    |henkan_V_fu_586_p2                 |         +|   0|  0|   39|          32|          32|
    |ap_block_state148_on_subcall_done  |       and|   0|  0|    2|           1|           1|
    |icmp_ln59_fu_335_p2                |      icmp|   0|  0|   10|           7|           3|
    |icmp_ln68_fu_546_p2                |      icmp|   0|  0|    8|           2|           3|
    |lshr_ln62_fu_419_p2                |      lshr|   0|  0|  182|          64|          64|
    |ap_block_state1                    |        or|   0|  0|    2|           1|           1|
    +-----------------------------------+----------+----+---+-----+------------+------------+
    |Total                              |          |   0|  0|  363|         192|         177|
    +-----------------------------------+----------+----+---+-----+------------+------------+

    * Multiplexer: 
    +-----------------------------------+-----+-----------+-----+-----------+
    |                Name               | LUT | Input Size| Bits| Total Bits|
    +-----------------------------------+-----+-----------+-----+-----------+
    |FP_DB1_ARVALID                     |    9|          2|    1|          2|
    |FP_DB1_RREADY                      |    9|          2|    1|          2|
    |L_reg_243                          |    9|          2|    2|          4|
    |ap_NS_fsm                          |  786|        149|    1|        149|
    |ap_done                            |    9|          2|    1|          2|
    |ap_phi_mux_call820_phi_fu_269_p4   |    9|          2|   32|         64|
    |ap_phi_mux_empty_31_phi_fu_257_p6  |   20|          4|   32|        128|
    |call820_reg_266                    |    9|          2|   32|         64|
    |flame_index_reg_210                |    9|          2|    7|         14|
    |hash_table1_ARVALID                |    9|          2|    1|          2|
    |hash_table1_RREADY                 |    9|          2|    1|          2|
    |hash_table_pointer1_ARVALID        |    9|          2|    1|          2|
    |hash_table_pointer1_RREADY         |    9|          2|    1|          2|
    |query1_ARADDR                      |   20|          4|   64|        256|
    |query1_ARBURST                     |    9|          2|    2|          4|
    |query1_ARCACHE                     |    9|          2|    4|          8|
    |query1_ARID                        |    9|          2|    1|          2|
    |query1_ARLEN                       |   14|          3|   32|         96|
    |query1_ARLOCK                      |    9|          2|    2|          4|
    |query1_ARPROT                      |    9|          2|    3|          6|
    |query1_ARQOS                       |    9|          2|    4|          8|
    |query1_ARREGION                    |    9|          2|    4|          8|
    |query1_ARSIZE                      |    9|          2|    3|          6|
    |query1_ARUSER                      |    9|          2|    1|          2|
    |query1_ARVALID                     |   14|          3|    1|          3|
    |query1_RREADY                      |   14|          3|    1|          3|
    |query1_blk_n_AR                    |    9|          2|    1|          2|
    |query1_blk_n_R                     |    9|          2|    1|          2|
    |tempA32_V_3_reg_222                |    9|          2|   32|         64|
    |tempB32_V_3_reg_232                |    9|          2|   32|         64|
    +-----------------------------------+-----+-----------+-----+-----------+
    |Total                              | 1084|        214|  301|        975|
    +-----------------------------------+-----+-----------+-----+-----------+

    * Register: 
    +--------------------------------------+-----+----+-----+-----------+
    |                 Name                 |  FF | LUT| Bits| Const Bits|
    +--------------------------------------+-----+----+-----+-----------+
    |FP_DB_read_reg_621                    |   64|   0|   64|          0|
    |L_1_reg_770                           |    2|   0|    2|          0|
    |L_reg_243                             |    2|   0|    2|          0|
    |add_ln59_reg_665                      |    7|   0|    7|          0|
    |ap_CS_fsm                             |  148|   0|  148|          0|
    |ap_done_reg                           |    1|   0|    1|          0|
    |ap_rst_n_inv                          |    1|   0|    1|          0|
    |ap_rst_reg_1                          |    1|   0|    1|          0|
    |ap_rst_reg_2                          |    1|   0|    1|          0|
    |call820_reg_266                       |   32|   0|   32|          0|
    |empty_29_reg_706                      |    1|   0|    1|          0|
    |flame_index_reg_210                   |    7|   0|    7|          0|
    |grp_backet_serch_fu_275_ap_start_reg  |    1|   0|    1|          0|
    |hash_table_pointer_read_reg_611       |   64|   0|   64|          0|
    |hash_table_read_reg_616               |   64|   0|   64|          0|
    |henkan_V_reg_775                      |   32|   0|   32|          0|
    |icmp_ln59_reg_661                     |    1|   0|    1|          0|
    |music_index_1_fu_158                  |   32|   0|   32|          0|
    |p_Result_s_reg_696                    |   96|   0|   96|          0|
    |query1_addr_1_read_reg_681            |   64|   0|   64|          0|
    |query_read_reg_626                    |   64|   0|   64|          0|
    |shl_ln1346_cast_reg_701               |    7|   0|   32|         25|
    |tempA32_V_3_reg_222                   |   32|   0|   32|          0|
    |tempA32_V_reg_648                     |   32|   0|   32|          0|
    |tempB32_V_3_reg_232                   |   32|   0|   32|          0|
    |tempB32_V_reg_653                     |   32|   0|   32|          0|
    |tempC32_V_reg_686                     |   32|   0|   32|          0|
    |tmp_10_reg_757                        |    1|   0|    1|          0|
    |tmp_11_reg_762                        |    1|   0|    1|          0|
    |tmp_1_reg_711                         |    1|   0|    1|          0|
    |tmp_2_reg_716                         |    1|   0|    1|          0|
    |tmp_3_reg_721                         |    1|   0|    1|          0|
    |tmp_4_reg_726                         |    1|   0|    1|          0|
    |tmp_5_reg_731                         |    1|   0|    1|          0|
    |tmp_6_reg_737                         |    1|   0|    1|          0|
    |tmp_7_reg_742                         |    1|   0|    1|          0|
    |tmp_8_reg_747                         |    1|   0|    1|          0|
    |tmp_9_reg_752                         |    1|   0|    1|          0|
    |trunc_ln312_reg_691                   |    1|   0|    1|          0|
    |trunc_ln62_2_reg_670                  |   61|   0|   61|          0|
    |trunc_ln62_reg_637                    |    3|   0|    3|          0|
    |trunc_ln_reg_632                      |   61|   0|   61|          0|
    +--------------------------------------+-----+----+-----+-----------+
    |Total                                 |  989|   0| 1014|         25|
    +--------------------------------------+-----+----+-----+-----------+



================================================================
== Interface
================================================================
* Summary: 
+------------------------------------+-----+-----+---------------+---------------------+--------------+
|              RTL Ports             | Dir | Bits|    Protocol   |    Source Object    |    C Type    |
+------------------------------------+-----+-----+---------------+---------------------+--------------+
|s_axi_control_AWVALID               |   in|    1|          s_axi|              control|        scalar|
|s_axi_control_AWREADY               |  out|    1|          s_axi|              control|        scalar|
|s_axi_control_AWADDR                |   in|    7|          s_axi|              control|        scalar|
|s_axi_control_WVALID                |   in|    1|          s_axi|              control|        scalar|
|s_axi_control_WREADY                |  out|    1|          s_axi|              control|        scalar|
|s_axi_control_WDATA                 |   in|   32|          s_axi|              control|        scalar|
|s_axi_control_WSTRB                 |   in|    4|          s_axi|              control|        scalar|
|s_axi_control_ARVALID               |   in|    1|          s_axi|              control|        scalar|
|s_axi_control_ARREADY               |  out|    1|          s_axi|              control|        scalar|
|s_axi_control_ARADDR                |   in|    7|          s_axi|              control|        scalar|
|s_axi_control_RVALID                |  out|    1|          s_axi|              control|        scalar|
|s_axi_control_RREADY                |   in|    1|          s_axi|              control|        scalar|
|s_axi_control_RDATA                 |  out|   32|          s_axi|              control|        scalar|
|s_axi_control_RRESP                 |  out|    2|          s_axi|              control|        scalar|
|s_axi_control_BVALID                |  out|    1|          s_axi|              control|        scalar|
|s_axi_control_BREADY                |   in|    1|          s_axi|              control|        scalar|
|s_axi_control_BRESP                 |  out|    2|          s_axi|              control|        scalar|
|ap_clk                              |   in|    1|  ap_ctrl_chain|          table_serch|  return value|
|ap_rst_n                            |   in|    1|  ap_ctrl_chain|          table_serch|  return value|
|interrupt                           |  out|    1|  ap_ctrl_chain|          table_serch|  return value|
|m_axi_query1_AWVALID                |  out|    1|          m_axi|               query1|       pointer|
|m_axi_query1_AWREADY                |   in|    1|          m_axi|               query1|       pointer|
|m_axi_query1_AWADDR                 |  out|   64|          m_axi|               query1|       pointer|
|m_axi_query1_AWID                   |  out|    1|          m_axi|               query1|       pointer|
|m_axi_query1_AWLEN                  |  out|    8|          m_axi|               query1|       pointer|
|m_axi_query1_AWSIZE                 |  out|    3|          m_axi|               query1|       pointer|
|m_axi_query1_AWBURST                |  out|    2|          m_axi|               query1|       pointer|
|m_axi_query1_AWLOCK                 |  out|    2|          m_axi|               query1|       pointer|
|m_axi_query1_AWCACHE                |  out|    4|          m_axi|               query1|       pointer|
|m_axi_query1_AWPROT                 |  out|    3|          m_axi|               query1|       pointer|
|m_axi_query1_AWQOS                  |  out|    4|          m_axi|               query1|       pointer|
|m_axi_query1_AWREGION               |  out|    4|          m_axi|               query1|       pointer|
|m_axi_query1_AWUSER                 |  out|    1|          m_axi|               query1|       pointer|
|m_axi_query1_WVALID                 |  out|    1|          m_axi|               query1|       pointer|
|m_axi_query1_WREADY                 |   in|    1|          m_axi|               query1|       pointer|
|m_axi_query1_WDATA                  |  out|   64|          m_axi|               query1|       pointer|
|m_axi_query1_WSTRB                  |  out|    8|          m_axi|               query1|       pointer|
|m_axi_query1_WLAST                  |  out|    1|          m_axi|               query1|       pointer|
|m_axi_query1_WID                    |  out|    1|          m_axi|               query1|       pointer|
|m_axi_query1_WUSER                  |  out|    1|          m_axi|               query1|       pointer|
|m_axi_query1_ARVALID                |  out|    1|          m_axi|               query1|       pointer|
|m_axi_query1_ARREADY                |   in|    1|          m_axi|               query1|       pointer|
|m_axi_query1_ARADDR                 |  out|   64|          m_axi|               query1|       pointer|
|m_axi_query1_ARID                   |  out|    1|          m_axi|               query1|       pointer|
|m_axi_query1_ARLEN                  |  out|    8|          m_axi|               query1|       pointer|
|m_axi_query1_ARSIZE                 |  out|    3|          m_axi|               query1|       pointer|
|m_axi_query1_ARBURST                |  out|    2|          m_axi|               query1|       pointer|
|m_axi_query1_ARLOCK                 |  out|    2|          m_axi|               query1|       pointer|
|m_axi_query1_ARCACHE                |  out|    4|          m_axi|               query1|       pointer|
|m_axi_query1_ARPROT                 |  out|    3|          m_axi|               query1|       pointer|
|m_axi_query1_ARQOS                  |  out|    4|          m_axi|               query1|       pointer|
|m_axi_query1_ARREGION               |  out|    4|          m_axi|               query1|       pointer|
|m_axi_query1_ARUSER                 |  out|    1|          m_axi|               query1|       pointer|
|m_axi_query1_RVALID                 |   in|    1|          m_axi|               query1|       pointer|
|m_axi_query1_RREADY                 |  out|    1|          m_axi|               query1|       pointer|
|m_axi_query1_RDATA                  |   in|   64|          m_axi|               query1|       pointer|
|m_axi_query1_RLAST                  |   in|    1|          m_axi|               query1|       pointer|
|m_axi_query1_RID                    |   in|    1|          m_axi|               query1|       pointer|
|m_axi_query1_RUSER                  |   in|    1|          m_axi|               query1|       pointer|
|m_axi_query1_RRESP                  |   in|    2|          m_axi|               query1|       pointer|
|m_axi_query1_BVALID                 |   in|    1|          m_axi|               query1|       pointer|
|m_axi_query1_BREADY                 |  out|    1|          m_axi|               query1|       pointer|
|m_axi_query1_BRESP                  |   in|    2|          m_axi|               query1|       pointer|
|m_axi_query1_BID                    |   in|    1|          m_axi|               query1|       pointer|
|m_axi_query1_BUSER                  |   in|    1|          m_axi|               query1|       pointer|
|m_axi_FP_DB1_AWVALID                |  out|    1|          m_axi|               FP_DB1|       pointer|
|m_axi_FP_DB1_AWREADY                |   in|    1|          m_axi|               FP_DB1|       pointer|
|m_axi_FP_DB1_AWADDR                 |  out|   64|          m_axi|               FP_DB1|       pointer|
|m_axi_FP_DB1_AWID                   |  out|    1|          m_axi|               FP_DB1|       pointer|
|m_axi_FP_DB1_AWLEN                  |  out|    8|          m_axi|               FP_DB1|       pointer|
|m_axi_FP_DB1_AWSIZE                 |  out|    3|          m_axi|               FP_DB1|       pointer|
|m_axi_FP_DB1_AWBURST                |  out|    2|          m_axi|               FP_DB1|       pointer|
|m_axi_FP_DB1_AWLOCK                 |  out|    2|          m_axi|               FP_DB1|       pointer|
|m_axi_FP_DB1_AWCACHE                |  out|    4|          m_axi|               FP_DB1|       pointer|
|m_axi_FP_DB1_AWPROT                 |  out|    3|          m_axi|               FP_DB1|       pointer|
|m_axi_FP_DB1_AWQOS                  |  out|    4|          m_axi|               FP_DB1|       pointer|
|m_axi_FP_DB1_AWREGION               |  out|    4|          m_axi|               FP_DB1|       pointer|
|m_axi_FP_DB1_AWUSER                 |  out|    1|          m_axi|               FP_DB1|       pointer|
|m_axi_FP_DB1_WVALID                 |  out|    1|          m_axi|               FP_DB1|       pointer|
|m_axi_FP_DB1_WREADY                 |   in|    1|          m_axi|               FP_DB1|       pointer|
|m_axi_FP_DB1_WDATA                  |  out|   32|          m_axi|               FP_DB1|       pointer|
|m_axi_FP_DB1_WSTRB                  |  out|    4|          m_axi|               FP_DB1|       pointer|
|m_axi_FP_DB1_WLAST                  |  out|    1|          m_axi|               FP_DB1|       pointer|
|m_axi_FP_DB1_WID                    |  out|    1|          m_axi|               FP_DB1|       pointer|
|m_axi_FP_DB1_WUSER                  |  out|    1|          m_axi|               FP_DB1|       pointer|
|m_axi_FP_DB1_ARVALID                |  out|    1|          m_axi|               FP_DB1|       pointer|
|m_axi_FP_DB1_ARREADY                |   in|    1|          m_axi|               FP_DB1|       pointer|
|m_axi_FP_DB1_ARADDR                 |  out|   64|          m_axi|               FP_DB1|       pointer|
|m_axi_FP_DB1_ARID                   |  out|    1|          m_axi|               FP_DB1|       pointer|
|m_axi_FP_DB1_ARLEN                  |  out|    8|          m_axi|               FP_DB1|       pointer|
|m_axi_FP_DB1_ARSIZE                 |  out|    3|          m_axi|               FP_DB1|       pointer|
|m_axi_FP_DB1_ARBURST                |  out|    2|          m_axi|               FP_DB1|       pointer|
|m_axi_FP_DB1_ARLOCK                 |  out|    2|          m_axi|               FP_DB1|       pointer|
|m_axi_FP_DB1_ARCACHE                |  out|    4|          m_axi|               FP_DB1|       pointer|
|m_axi_FP_DB1_ARPROT                 |  out|    3|          m_axi|               FP_DB1|       pointer|
|m_axi_FP_DB1_ARQOS                  |  out|    4|          m_axi|               FP_DB1|       pointer|
|m_axi_FP_DB1_ARREGION               |  out|    4|          m_axi|               FP_DB1|       pointer|
|m_axi_FP_DB1_ARUSER                 |  out|    1|          m_axi|               FP_DB1|       pointer|
|m_axi_FP_DB1_RVALID                 |   in|    1|          m_axi|               FP_DB1|       pointer|
|m_axi_FP_DB1_RREADY                 |  out|    1|          m_axi|               FP_DB1|       pointer|
|m_axi_FP_DB1_RDATA                  |   in|   32|          m_axi|               FP_DB1|       pointer|
|m_axi_FP_DB1_RLAST                  |   in|    1|          m_axi|               FP_DB1|       pointer|
|m_axi_FP_DB1_RID                    |   in|    1|          m_axi|               FP_DB1|       pointer|
|m_axi_FP_DB1_RUSER                  |   in|    1|          m_axi|               FP_DB1|       pointer|
|m_axi_FP_DB1_RRESP                  |   in|    2|          m_axi|               FP_DB1|       pointer|
|m_axi_FP_DB1_BVALID                 |   in|    1|          m_axi|               FP_DB1|       pointer|
|m_axi_FP_DB1_BREADY                 |  out|    1|          m_axi|               FP_DB1|       pointer|
|m_axi_FP_DB1_BRESP                  |   in|    2|          m_axi|               FP_DB1|       pointer|
|m_axi_FP_DB1_BID                    |   in|    1|          m_axi|               FP_DB1|       pointer|
|m_axi_FP_DB1_BUSER                  |   in|    1|          m_axi|               FP_DB1|       pointer|
|m_axi_hash_table1_AWVALID           |  out|    1|          m_axi|          hash_table1|       pointer|
|m_axi_hash_table1_AWREADY           |   in|    1|          m_axi|          hash_table1|       pointer|
|m_axi_hash_table1_AWADDR            |  out|   64|          m_axi|          hash_table1|       pointer|
|m_axi_hash_table1_AWID              |  out|    1|          m_axi|          hash_table1|       pointer|
|m_axi_hash_table1_AWLEN             |  out|    8|          m_axi|          hash_table1|       pointer|
|m_axi_hash_table1_AWSIZE            |  out|    3|          m_axi|          hash_table1|       pointer|
|m_axi_hash_table1_AWBURST           |  out|    2|          m_axi|          hash_table1|       pointer|
|m_axi_hash_table1_AWLOCK            |  out|    2|          m_axi|          hash_table1|       pointer|
|m_axi_hash_table1_AWCACHE           |  out|    4|          m_axi|          hash_table1|       pointer|
|m_axi_hash_table1_AWPROT            |  out|    3|          m_axi|          hash_table1|       pointer|
|m_axi_hash_table1_AWQOS             |  out|    4|          m_axi|          hash_table1|       pointer|
|m_axi_hash_table1_AWREGION          |  out|    4|          m_axi|          hash_table1|       pointer|
|m_axi_hash_table1_AWUSER            |  out|    1|          m_axi|          hash_table1|       pointer|
|m_axi_hash_table1_WVALID            |  out|    1|          m_axi|          hash_table1|       pointer|
|m_axi_hash_table1_WREADY            |   in|    1|          m_axi|          hash_table1|       pointer|
|m_axi_hash_table1_WDATA             |  out|   32|          m_axi|          hash_table1|       pointer|
|m_axi_hash_table1_WSTRB             |  out|    4|          m_axi|          hash_table1|       pointer|
|m_axi_hash_table1_WLAST             |  out|    1|          m_axi|          hash_table1|       pointer|
|m_axi_hash_table1_WID               |  out|    1|          m_axi|          hash_table1|       pointer|
|m_axi_hash_table1_WUSER             |  out|    1|          m_axi|          hash_table1|       pointer|
|m_axi_hash_table1_ARVALID           |  out|    1|          m_axi|          hash_table1|       pointer|
|m_axi_hash_table1_ARREADY           |   in|    1|          m_axi|          hash_table1|       pointer|
|m_axi_hash_table1_ARADDR            |  out|   64|          m_axi|          hash_table1|       pointer|
|m_axi_hash_table1_ARID              |  out|    1|          m_axi|          hash_table1|       pointer|
|m_axi_hash_table1_ARLEN             |  out|    8|          m_axi|          hash_table1|       pointer|
|m_axi_hash_table1_ARSIZE            |  out|    3|          m_axi|          hash_table1|       pointer|
|m_axi_hash_table1_ARBURST           |  out|    2|          m_axi|          hash_table1|       pointer|
|m_axi_hash_table1_ARLOCK            |  out|    2|          m_axi|          hash_table1|       pointer|
|m_axi_hash_table1_ARCACHE           |  out|    4|          m_axi|          hash_table1|       pointer|
|m_axi_hash_table1_ARPROT            |  out|    3|          m_axi|          hash_table1|       pointer|
|m_axi_hash_table1_ARQOS             |  out|    4|          m_axi|          hash_table1|       pointer|
|m_axi_hash_table1_ARREGION          |  out|    4|          m_axi|          hash_table1|       pointer|
|m_axi_hash_table1_ARUSER            |  out|    1|          m_axi|          hash_table1|       pointer|
|m_axi_hash_table1_RVALID            |   in|    1|          m_axi|          hash_table1|       pointer|
|m_axi_hash_table1_RREADY            |  out|    1|          m_axi|          hash_table1|       pointer|
|m_axi_hash_table1_RDATA             |   in|   32|          m_axi|          hash_table1|       pointer|
|m_axi_hash_table1_RLAST             |   in|    1|          m_axi|          hash_table1|       pointer|
|m_axi_hash_table1_RID               |   in|    1|          m_axi|          hash_table1|       pointer|
|m_axi_hash_table1_RUSER             |   in|    1|          m_axi|          hash_table1|       pointer|
|m_axi_hash_table1_RRESP             |   in|    2|          m_axi|          hash_table1|       pointer|
|m_axi_hash_table1_BVALID            |   in|    1|          m_axi|          hash_table1|       pointer|
|m_axi_hash_table1_BREADY            |  out|    1|          m_axi|          hash_table1|       pointer|
|m_axi_hash_table1_BRESP             |   in|    2|          m_axi|          hash_table1|       pointer|
|m_axi_hash_table1_BID               |   in|    1|          m_axi|          hash_table1|       pointer|
|m_axi_hash_table1_BUSER             |   in|    1|          m_axi|          hash_table1|       pointer|
|m_axi_hash_table_pointer1_AWVALID   |  out|    1|          m_axi|  hash_table_pointer1|       pointer|
|m_axi_hash_table_pointer1_AWREADY   |   in|    1|          m_axi|  hash_table_pointer1|       pointer|
|m_axi_hash_table_pointer1_AWADDR    |  out|   64|          m_axi|  hash_table_pointer1|       pointer|
|m_axi_hash_table_pointer1_AWID      |  out|    1|          m_axi|  hash_table_pointer1|       pointer|
|m_axi_hash_table_pointer1_AWLEN     |  out|    8|          m_axi|  hash_table_pointer1|       pointer|
|m_axi_hash_table_pointer1_AWSIZE    |  out|    3|          m_axi|  hash_table_pointer1|       pointer|
|m_axi_hash_table_pointer1_AWBURST   |  out|    2|          m_axi|  hash_table_pointer1|       pointer|
|m_axi_hash_table_pointer1_AWLOCK    |  out|    2|          m_axi|  hash_table_pointer1|       pointer|
|m_axi_hash_table_pointer1_AWCACHE   |  out|    4|          m_axi|  hash_table_pointer1|       pointer|
|m_axi_hash_table_pointer1_AWPROT    |  out|    3|          m_axi|  hash_table_pointer1|       pointer|
|m_axi_hash_table_pointer1_AWQOS     |  out|    4|          m_axi|  hash_table_pointer1|       pointer|
|m_axi_hash_table_pointer1_AWREGION  |  out|    4|          m_axi|  hash_table_pointer1|       pointer|
|m_axi_hash_table_pointer1_AWUSER    |  out|    1|          m_axi|  hash_table_pointer1|       pointer|
|m_axi_hash_table_pointer1_WVALID    |  out|    1|          m_axi|  hash_table_pointer1|       pointer|
|m_axi_hash_table_pointer1_WREADY    |   in|    1|          m_axi|  hash_table_pointer1|       pointer|
|m_axi_hash_table_pointer1_WDATA     |  out|   32|          m_axi|  hash_table_pointer1|       pointer|
|m_axi_hash_table_pointer1_WSTRB     |  out|    4|          m_axi|  hash_table_pointer1|       pointer|
|m_axi_hash_table_pointer1_WLAST     |  out|    1|          m_axi|  hash_table_pointer1|       pointer|
|m_axi_hash_table_pointer1_WID       |  out|    1|          m_axi|  hash_table_pointer1|       pointer|
|m_axi_hash_table_pointer1_WUSER     |  out|    1|          m_axi|  hash_table_pointer1|       pointer|
|m_axi_hash_table_pointer1_ARVALID   |  out|    1|          m_axi|  hash_table_pointer1|       pointer|
|m_axi_hash_table_pointer1_ARREADY   |   in|    1|          m_axi|  hash_table_pointer1|       pointer|
|m_axi_hash_table_pointer1_ARADDR    |  out|   64|          m_axi|  hash_table_pointer1|       pointer|
|m_axi_hash_table_pointer1_ARID      |  out|    1|          m_axi|  hash_table_pointer1|       pointer|
|m_axi_hash_table_pointer1_ARLEN     |  out|    8|          m_axi|  hash_table_pointer1|       pointer|
|m_axi_hash_table_pointer1_ARSIZE    |  out|    3|          m_axi|  hash_table_pointer1|       pointer|
|m_axi_hash_table_pointer1_ARBURST   |  out|    2|          m_axi|  hash_table_pointer1|       pointer|
|m_axi_hash_table_pointer1_ARLOCK    |  out|    2|          m_axi|  hash_table_pointer1|       pointer|
|m_axi_hash_table_pointer1_ARCACHE   |  out|    4|          m_axi|  hash_table_pointer1|       pointer|
|m_axi_hash_table_pointer1_ARPROT    |  out|    3|          m_axi|  hash_table_pointer1|       pointer|
|m_axi_hash_table_pointer1_ARQOS     |  out|    4|          m_axi|  hash_table_pointer1|       pointer|
|m_axi_hash_table_pointer1_ARREGION  |  out|    4|          m_axi|  hash_table_pointer1|       pointer|
|m_axi_hash_table_pointer1_ARUSER    |  out|    1|          m_axi|  hash_table_pointer1|       pointer|
|m_axi_hash_table_pointer1_RVALID    |   in|    1|          m_axi|  hash_table_pointer1|       pointer|
|m_axi_hash_table_pointer1_RREADY    |  out|    1|          m_axi|  hash_table_pointer1|       pointer|
|m_axi_hash_table_pointer1_RDATA     |   in|   32|          m_axi|  hash_table_pointer1|       pointer|
|m_axi_hash_table_pointer1_RLAST     |   in|    1|          m_axi|  hash_table_pointer1|       pointer|
|m_axi_hash_table_pointer1_RID       |   in|    1|          m_axi|  hash_table_pointer1|       pointer|
|m_axi_hash_table_pointer1_RUSER     |   in|    1|          m_axi|  hash_table_pointer1|       pointer|
|m_axi_hash_table_pointer1_RRESP     |   in|    2|          m_axi|  hash_table_pointer1|       pointer|
|m_axi_hash_table_pointer1_BVALID    |   in|    1|          m_axi|  hash_table_pointer1|       pointer|
|m_axi_hash_table_pointer1_BREADY    |  out|    1|          m_axi|  hash_table_pointer1|       pointer|
|m_axi_hash_table_pointer1_BRESP     |   in|    2|          m_axi|  hash_table_pointer1|       pointer|
|m_axi_hash_table_pointer1_BID       |   in|    1|          m_axi|  hash_table_pointer1|       pointer|
|m_axi_hash_table_pointer1_BUSER     |   in|    1|          m_axi|  hash_table_pointer1|       pointer|
+------------------------------------+-----+-----+---------------+---------------------+--------------+

