Copyright 1986-2020 Xilinx, Inc. All Rights Reserved.
------------------------------------------------------------------------------------------
| Tool Version : Vivado v.2020.2 (lin64) Build 3064766 Wed Nov 18 09:12:47 MST 2020
| Date         : Wed Apr 13 21:32:00 2022
| Host         : alveo20 running 64-bit Ubuntu 18.04.6 LTS
| Command      : report_utilization -slr -file slr_util_routed.rpt -pb slr_util_routed.pb
| Design       : pfm_top_wrapper
| Device       : xcu200fsgd2104-2
| Design State : Routed
------------------------------------------------------------------------------------------

Utilization Design Information

Table of Contents
-----------------
1. SLR Connectivity
2. SLR Connectivity Matrix
3. SLR CLB Logic and Dedicated Block Utilization
4. SLR IO Utilization

1. SLR Connectivity
-------------------

+----------------------------------+------+-------+-----------+-------+
|                                  | Used | Fixed | Available | Util% |
+----------------------------------+------+-------+-----------+-------+
| SLR2 <-> SLR1                    | 1387 |       |     17280 |  8.03 |
|   SLR1 -> SLR2                   |  818 |       |           |  4.73 |
|     Using TX_REG only            |    0 |     0 |           |       |
|     Using RX_REG only            |    0 |     0 |           |       |
|     Using Both TX_REG and RX_REG |    0 |     0 |           |       |
|   SLR2 -> SLR1                   |  569 |       |           |  3.29 |
|     Using TX_REG only            |    0 |     0 |           |       |
|     Using RX_REG only            |    0 |     0 |           |       |
|     Using Both TX_REG and RX_REG |    0 |     0 |           |       |
| SLR1 <-> SLR0                    | 2892 |       |     17280 | 16.74 |
|   SLR0 -> SLR1                   | 1799 |       |           | 10.41 |
|     Using TX_REG only            |    0 |     0 |           |       |
|     Using RX_REG only            |    0 |     0 |           |       |
|     Using Both TX_REG and RX_REG |    0 |     0 |           |       |
|   SLR1 -> SLR0                   | 1093 |       |           |  6.33 |
|     Using TX_REG only            |    0 |     0 |           |       |
|     Using RX_REG only            |    0 |     0 |           |       |
|     Using Both TX_REG and RX_REG |    0 |     0 |           |       |
+----------------------------------+------+-------+-----------+-------+
| Total SLLs Used                  | 4279 |       |           |       |
+----------------------------------+------+-------+-----------+-------+


2. SLR Connectivity Matrix
--------------------------

+-----------+------+------+------+
| FROM \ TO | SLR2 | SLR1 | SLR0 |
+-----------+------+------+------+
| SLR2      |    0 |  569 |    0 |
| SLR1      |  818 |    0 | 1093 |
| SLR0      |    0 | 1799 |    0 |
+-----------+------+------+------+


3. SLR CLB Logic and Dedicated Block Utilization
------------------------------------------------

+----------------------------+-------+--------+------+--------+--------+--------+
|          Site Type         |  SLR0 |  SLR1  | SLR2 | SLR0 % | SLR1 % | SLR2 % |
+----------------------------+-------+--------+------+--------+--------+--------+
| CLB                        | 10856 |  39992 | 1213 |  22.04 |  81.19 |   2.46 |
|   CLBL                     |  5337 |  19841 |  623 |  21.70 |  80.65 |   2.53 |
|   CLBM                     |  5519 |  20151 |  590 |  22.38 |  81.72 |   2.39 |
| CLB LUTs                   | 46385 | 201675 | 3670 |  11.77 |  51.18 |   0.93 |
|   LUT as Logic             | 36244 | 176044 | 2554 |   9.20 |  44.67 |   0.65 |
|     using O5 output only   |  1036 |   3722 |   60 |   0.26 |   0.94 |   0.02 |
|     using O6 output only   | 18724 | 116336 | 1855 |   4.75 |  29.52 |   0.47 |
|     using O5 and O6        | 16484 |  55986 |  639 |   4.18 |  14.21 |   0.16 |
|   LUT as Memory            | 10141 |  25631 | 1116 |   5.14 |  12.99 |   0.57 |
|     LUT as Distributed RAM |  6924 |  16649 |  312 |   3.51 |   8.44 |   0.16 |
|       using O5 output only |     0 |      0 |    0 |   0.00 |   0.00 |   0.00 |
|       using O6 output only |     8 |   1403 |    0 |  <0.01 |   0.71 |   0.00 |
|       using O5 and O6      |  6916 |  15246 |  312 |   3.51 |   7.73 |   0.16 |
|     LUT as Shift Register  |  3217 |   8982 |  804 |   1.63 |   4.55 |   0.41 |
|       using O5 output only |     0 |      0 |    0 |   0.00 |   0.00 |   0.00 |
|       using O6 output only |  3182 |   7580 |  804 |   1.61 |   3.84 |   0.41 |
|       using O5 and O6      |    35 |   1402 |    0 |   0.02 |   0.71 |   0.00 |
| CLB Registers              | 75659 | 303888 | 5202 |   9.60 |  38.56 |   0.66 |
| CARRY8                     |   158 |   2254 |    0 |   0.32 |   4.58 |   0.00 |
| F7 Muxes                   |   436 |   3438 |    0 |   0.22 |   1.74 |   0.00 |
| F8 Muxes                   |    29 |    459 |    0 |   0.03 |   0.47 |   0.00 |
| F9 Muxes                   |     0 |      0 |    0 |   0.00 |   0.00 |   0.00 |
| Block RAM Tile             |   113 |    447 |    0 |  15.69 |  62.08 |   0.00 |
|   RAMB36/FIFO              |   111 |    434 |    0 |  15.42 |  60.28 |   0.00 |
|   RAMB18                   |     4 |     26 |    0 |   0.28 |   1.81 |   0.00 |
| URAM                       |     0 |      0 |    0 |   0.00 |   0.00 |   0.00 |
| DSPs                       |     3 |     10 |    0 |   0.13 |   0.44 |   0.00 |
| PLL                        |     0 |      0 |    0 |   0.00 |   0.00 |   0.00 |
| MMCM                       |     0 |      0 |    0 |   0.00 |   0.00 |   0.00 |
| Unique Control Sets        |  2031 |  10066 |  114 |   2.06 |  10.22 |   0.12 |
+----------------------------+-------+--------+------+--------+--------+--------+
* Note: Available Control Sets based on CLB Registers / 8


4. SLR IO Utilization
---------------------

+-----------+-----------+---------+------------+----------+------------+----------+-----+
| SLR Index | Used IOBs | (%)IOBs | Used IPADs | (%)IPADs | Used OPADs | (%)OPADs | GTs |
+-----------+-----------+---------+------------+----------+------------+----------+-----+
| SLR2      |         0 |    0.00 |          0 |     0.00 |          0 |     0.00 |   0 |
| SLR1      |       300 |   82.42 |          0 |     0.00 |          0 |     0.00 |  16 |
| SLR0      |       139 |   89.10 |          0 |     0.00 |          0 |     0.00 |   0 |
+-----------+-----------+---------+------------+----------+------------+----------+-----+
| Total     |       439 |         |          0 |          |          0 |          |  16 |
+-----------+-----------+---------+------------+----------+------------+----------+-----+


