Copyright 1986-2020 Xilinx, Inc. All Rights Reserved.
------------------------------------------------------------------------------------------------------------------------------------------------------------------------------------------------
| Tool Version : Vivado v.2020.2 (lin64) Build 3064766 Wed Nov 18 09:12:47 MST 2020
| Date         : Wed Apr 13 20:12:50 2022
| Host         : alveo20 running 64-bit Ubuntu 18.04.6 LTS
| Command      : report_accelerator_utilization -kernels { table_serch:pfm_top_i/dynamic_region/table_serch_1/inst:table_serch_1} -file kernel_util_synthed.rpt -name kernel_util_synthed -json
| Design       : pfm_top_wrapper
| Device       : xcu200
| Design State : Synthesized
------------------------------------------------------------------------------------------------------------------------------------------------------------------------------------------------

Accelerator Utilization Design Information

Table of Contents
-----------------
1. System Utilization

1. System Utilization
---------------------

+---------------------+------------------+------------------+-------------------+----------------+---------------+----------------+
| Name                | LUT              | LUTAsMem         | REG               | BRAM           | URAM          | DSP            |
+---------------------+------------------+------------------+-------------------+----------------+---------------+----------------+
| Platform            | 269374 [ 22.79%] |  39371 [  6.65%] |  390953 [ 16.53%] |  552 [ 25.56%] |   0 [  0.00%] |   13 [  0.19%] |
| User Budget         | 912866 [100.00%] | 552469 [100.00%] | 1973527 [100.00%] | 1608 [100.00%] | 960 [100.00%] | 6827 [100.00%] |
|    Used Resources   |   7866 [  0.86%] |   1071 [  0.19%] |   15339 [  0.78%] |   16 [  1.00%] |   0 [  0.00%] |    0 [  0.00%] |
|    Unused Resources | 905000 [ 99.14%] | 551398 [ 99.81%] | 1958188 [ 99.22%] | 1592 [ 99.00%] | 960 [100.00%] | 6827 [100.00%] |
| table_serch         |   7866 [  0.86%] |   1071 [  0.19%] |   15339 [  0.78%] |   16 [  1.00%] |   0 [  0.00%] |    0 [  0.00%] |
|    table_serch_1    |   7866 [  0.86%] |   1071 [  0.19%] |   15339 [  0.78%] |   16 [  1.00%] |   0 [  0.00%] |    0 [  0.00%] |
+---------------------+------------------+------------------+-------------------+----------------+---------------+----------------+


