Copyright 1986-2020 Xilinx, Inc. All Rights Reserved.
----------------------------------------------------------------------------------------------------------------------------------------------------------------------------------------------
| Tool Version : Vivado v.2020.2 (lin64) Build 3064766 Wed Nov 18 09:12:47 MST 2020
| Date         : Wed Apr 13 21:31:33 2022
| Host         : alveo20 running 64-bit Ubuntu 18.04.6 LTS
| Command      : report_accelerator_utilization -kernels { table_serch:pfm_top_i/dynamic_region/table_serch_1/inst:table_serch_1} -file kernel_util_routed.rpt -name kernel_util_routed -json
| Design       : pfm_top_wrapper
| Device       : xcu200
| Design State : Routed
----------------------------------------------------------------------------------------------------------------------------------------------------------------------------------------------

Accelerator Utilization Design Information

Table of Contents
-----------------
1. System Utilization

1. System Utilization
---------------------

+---------------------+------------------+------------------+-------------------+----------------+---------------+----------------+
| Name                | LUT              | LUTAsMem         | REG               | BRAM           | URAM          | DSP            |
+---------------------+------------------+------------------+-------------------+----------------+---------------+----------------+
| Platform            | 243954 [ 20.63%] |  35865 [  6.06%] |  369377 [ 15.62%] |  543 [ 25.14%] |   0 [  0.00%] |   13 [  0.19%] |
| User Budget         | 938286 [100.00%] | 555975 [100.00%] | 1995103 [100.00%] | 1617 [100.00%] | 960 [100.00%] | 6827 [100.00%] |
|    Used Resources   |   7778 [  0.83%] |   1023 [  0.18%] |   15372 [  0.77%] |   16 [  0.99%] |   0 [  0.00%] |    0 [  0.00%] |
|    Unused Resources | 930508 [ 99.17%] | 554952 [ 99.82%] | 1979731 [ 99.23%] | 1601 [ 99.01%] | 960 [100.00%] | 6827 [100.00%] |
| table_serch         |   7778 [  0.83%] |   1023 [  0.18%] |   15372 [  0.77%] |   16 [  0.99%] |   0 [  0.00%] |    0 [  0.00%] |
|    table_serch_1    |   7778 [  0.83%] |   1023 [  0.18%] |   15372 [  0.77%] |   16 [  0.99%] |   0 [  0.00%] |    0 [  0.00%] |
+---------------------+------------------+------------------+-------------------+----------------+---------------+----------------+


