Copyright 1986-2020 Xilinx, Inc. All Rights Reserved.
-----------------------------------------------------------------------------------------
| Tool Version : Vivado v.2020.2 (lin64) Build 3064766 Wed Nov 18 09:12:47 MST 2020
| Date         : Sun Apr 17 14:56:59 2022
| Host         : alveo20 running 64-bit Ubuntu 18.04.6 LTS
| Command      : report_utilization -file full_util_synthed.rpt -pb full_util_synthed.pb
| Design       : pfm_top_wrapper
| Device       : xcu200fsgd2104-2
| Design State : Physopt postRoute
-----------------------------------------------------------------------------------------

Utilization Design Information

Table of Contents
-----------------
1. CLB Logic
1.1 Summary of Registers by Type
2. BLOCKRAM
3. ARITHMETIC
4. I/O
5. CLOCK
6. ADVANCED
7. CONFIGURATION
8. Primitives
9. Black Boxes
10. Instantiated Netlists
11. SLR Connectivity
12. SLR Connectivity Matrix
13. SLR CLB Logic and Dedicated Block Utilization
14. SLR IO Utilization

1. CLB Logic
------------

+----------------------------+--------+--------+-----------+-------+
|          Site Type         |  Used  |  Fixed | Available | Util% |
+----------------------------+--------+--------+-----------+-------+
| CLB LUTs*                  | 276825 | 149639 |   1182240 | 23.42 |
|   LUT as Logic             | 236386 | 135467 |   1182240 | 19.99 |
|   LUT as Memory            |  40439 |  14172 |    591840 |  6.83 |
|     LUT as Distributed RAM |  25987 |   6991 |           |       |
|     LUT as Shift Register  |  14452 |   7181 |           |       |
| CLB Registers              | 405580 | 178179 |   2364480 | 17.15 |
|   Register as Flip Flop    | 405575 | 178176 |   2364480 | 17.15 |
|   Register as Latch        |      0 |      0 |   2364480 |  0.00 |
|   Register as AND/OR       |      5 |      3 |   2364480 | <0.01 |
| CARRY8                     |   2539 |   1356 |    147780 |  1.72 |
| F7 Muxes                   |   3809 |   2073 |    591120 |  0.64 |
| F8 Muxes                   |    478 |    204 |    295560 |  0.16 |
| F9 Muxes                   |      0 |      0 |    147780 |  0.00 |
+----------------------------+--------+--------+-----------+-------+
* Warning! The Final LUT count, after physical optimizations and full implementation, is typically lower. Run opt_design after synthesis, if not already completed, for a more realistic count.


1.1 Summary of Registers by Type
--------------------------------

+--------+--------------+-------------+--------------+
|  Total | Clock Enable | Synchronous | Asynchronous |
+--------+--------------+-------------+--------------+
| 5      |            _ |           - |            - |
| 0      |            _ |           - |          Set |
| 0      |            _ |           - |        Reset |
| 0      |            _ |         Set |            - |
| 0      |            _ |       Reset |            - |
| 0      |          Yes |           - |            - |
| 1681   |          Yes |           - |          Set |
| 4921   |          Yes |           - |        Reset |
| 5747   |          Yes |         Set |            - |
| 393226 |          Yes |       Reset |            - |
+--------+--------------+-------------+--------------+


2. BLOCKRAM
-----------

+-------------------+-------+-------+-----------+-------+
|     Site Type     |  Used | Fixed | Available | Util% |
+-------------------+-------+-------+-----------+-------+
| Block RAM Tile    | 568.5 |     0 |      2160 | 26.32 |
|   RAMB36/FIFO*    |   553 |   257 |      2160 | 25.60 |
|     RAMB36E2 only |   553 |       |           |       |
|   RAMB18          |    31 |    15 |      4320 |  0.72 |
|     RAMB18E2 only |    31 |       |           |       |
| URAM              |     0 |     0 |       960 |  0.00 |
+-------------------+-------+-------+-----------+-------+
* Note: Each Block RAM Tile only has one FIFO logic available and therefore can accommodate only one FIFO36E2 or one FIFO18E2. However, if a FIFO18E2 occupies a Block RAM Tile, that tile can still accommodate a RAMB18E2


3. ARITHMETIC
-------------

+----------------+------+-------+-----------+-------+
|    Site Type   | Used | Fixed | Available | Util% |
+----------------+------+-------+-----------+-------+
| DSPs           |   13 |     7 |      6840 |  0.19 |
|   DSP48E2 only |   13 |       |           |       |
+----------------+------+-------+-----------+-------+


4. I/O
------

+------------------+------+-------+-----------+-------+
|     Site Type    | Used | Fixed | Available | Util% |
+------------------+------+-------+-----------+-------+
| Bonded IOB       |  439 |   439 |       676 | 64.94 |
| HPIOB_M          |  216 |   216 |       312 | 69.23 |
|   INPUT          |    7 |       |           |       |
|   OUTPUT         |   45 |       |           |       |
|   BIDIR          |  164 |       |           |       |
| HPIOB_S          |  211 |   211 |       312 | 67.63 |
|   INPUT          |    6 |       |           |       |
|   OUTPUT         |   41 |       |           |       |
|   BIDIR          |  164 |       |           |       |
| HPIOB_SNGL       |   12 |    12 |        52 | 23.08 |
|   INPUT          |    0 |       |           |       |
|   OUTPUT         |   10 |       |           |       |
|   BIDIR          |    2 |       |           |       |
| HPIOBDIFFINBUF   |   57 |    57 |       720 |  7.92 |
|   DIFFINBUF      |   57 |    57 |           |       |
| BITSLICE_CONTROL |   24 |    24 |       240 | 10.00 |
| BITSLICE_RX_TX   |  351 |   351 |      1560 | 22.50 |
|   RXTX_BITSLICE  |  351 |   351 |           |       |
| BITSLICE_TX      |   24 |    24 |       240 | 10.00 |
| RIU_OR           |   12 |    12 |       120 | 10.00 |
+------------------+------+-------+-----------+-------+


5. CLOCK
--------

+----------------------+------+-------+-----------+-------+
|       Site Type      | Used | Fixed | Available | Util% |
+----------------------+------+-------+-----------+-------+
| GLOBAL CLOCK BUFFERs |   57 |    39 |      1800 |  3.17 |
|   BUFGCE             |   33 |    15 |       720 |  4.58 |
|   BUFGCE_DIV         |    0 |     0 |       120 |  0.00 |
|   BUFG_GT            |   22 |    22 |       720 |  3.06 |
|   BUFGCTRL*          |    1 |     1 |       240 |  0.42 |
| PLL                  |   13 |     7 |        60 | 21.67 |
| MMCM                 |    5 |     3 |        30 | 16.67 |
+----------------------+------+-------+-----------+-------+
* Note: Each used BUFGCTRL counts as two GLOBAL CLOCK BUFFERs. This table does not include global clocking resources, only buffer cell usage. See the Clock Utilization Report (report_clock_utilization) for detailed accounting of global clocking resource availability.


6. ADVANCED
-----------

+-----------------+------+-------+-----------+-------+
|    Site Type    | Used | Fixed | Available | Util% |
+-----------------+------+-------+-----------+-------+
| CMACE4          |    0 |     0 |         9 |  0.00 |
| GTYE4_CHANNEL   |   16 |    16 |        24 | 66.67 |
| GTYE4_COMMON    |    4 |     4 |         6 | 66.67 |
| ILKNE4          |    0 |     0 |         9 |  0.00 |
| OBUFDS_GTE4     |    0 |     0 |        12 |  0.00 |
| OBUFDS_GTE4_ADV |    0 |     0 |        12 |  0.00 |
| PCIE40E4        |    1 |     1 |         6 | 16.67 |
| SYSMONE4        |    1 |     1 |         3 | 33.33 |
+-----------------+------+-------+-----------+-------+


7. CONFIGURATION
----------------

+-------------+------+-------+-----------+-------+
|  Site Type  | Used | Fixed | Available | Util% |
+-------------+------+-------+-----------+-------+
| BSCANE2     |    1 |     1 |        12 |  8.33 |
| DNA_PORTE2  |    0 |     0 |         3 |  0.00 |
| EFUSE_USR   |    0 |     0 |         3 |  0.00 |
| FRAME_ECCE4 |    0 |     0 |         3 |  0.00 |
| ICAPE3      |    1 |     1 |         6 | 16.67 |
| MASTER_JTAG |    0 |     0 |         3 |  0.00 |
| STARTUPE3   |    1 |     1 |         3 | 33.33 |
+-------------+------+-------+-----------+-------+


8. Primitives
-------------

+------------------+--------+---------------------+
|     Ref Name     |  Used  | Functional Category |
+------------------+--------+---------------------+
| FDRE             | 393226 |            Register |
| LUT3             | 106780 |                 CLB |
| LUT6             |  72140 |                 CLB |
| RAMD32           |  41576 |                 CLB |
| LUT5             |  41029 |                 CLB |
| LUT4             |  40937 |                 CLB |
| LUT2             |  28652 |                 CLB |
| SRLC32E          |   7657 |                 CLB |
| RAMS32           |   6867 |                 CLB |
| SRL16E           |   6781 |                 CLB |
| LUT1             |   5827 |                 CLB |
| FDSE             |   5747 |            Register |
| FDCE             |   4921 |            Register |
| MUXF7            |   3809 |                 CLB |
| CARRY8           |   2539 |                 CLB |
| FDPE             |   1681 |            Register |
| RAMD64E          |   1304 |                 CLB |
| RAMB36E2         |    553 |            BLOCKRAM |
| MUXF8            |    478 |                 CLB |
| RXTX_BITSLICE    |    351 |                 I/O |
| IBUFCTRL         |    286 |              Others |
| INBUF            |    229 |                 I/O |
| OBUFT_DCIEN      |    216 |                 I/O |
| OBUFT            |    114 |                 I/O |
| OBUF             |     96 |                 I/O |
| TX_BITSLICE_TRI  |     70 |                 I/O |
| BITSLICE_CONTROL |     70 |                 I/O |
| INV              |     57 |                 CLB |
| DIFFINBUF        |     57 |                 I/O |
| RIU_OR           |     36 |                 I/O |
| RAMS64E          |     36 |                 CLB |
| BUFGCE           |     33 |               Clock |
| RAMB18E2         |     31 |            BLOCKRAM |
| HPIO_VREF        |     27 |                 I/O |
| BUFG_GT          |     22 |               Clock |
| BUFG_GT_SYNC     |     17 |               Clock |
| GTYE4_CHANNEL    |     16 |            Advanced |
| SRLC16E          |     14 |                 CLB |
| PLLE4_ADV        |     13 |               Clock |
| DSP48E2          |     13 |          Arithmetic |
| MMCME4_ADV       |      5 |               Clock |
| AND2B1L          |      5 |              Others |
| GTYE4_COMMON     |      4 |            Advanced |
| SYSMONE4         |      1 |            Advanced |
| STARTUPE3        |      1 |       Configuration |
| PCIE40E4         |      1 |            Advanced |
| ICAPE3           |      1 |       Configuration |
| IBUFDS_GTE4      |      1 |                 I/O |
| BUFGCTRL         |      1 |               Clock |
| BSCANE2          |      1 |       Configuration |
+------------------+--------+---------------------+


9. Black Boxes
--------------

+--------------------+------+
|      Ref Name      | Used |
+--------------------+------+
| bd_ebbe_xsdbm_0_bb |    1 |
+--------------------+------+


10. Instantiated Netlists
-------------------------

+-------------------------------------------+------+
|                  Ref Name                 | Used |
+-------------------------------------------+------+
| xsdbm_0                                   |    1 |
| xsdbm                                     |    1 |
| pfm_top_xbar_9                            |    1 |
| pfm_top_xbar_8                            |    1 |
| pfm_top_xbar_7                            |    1 |
| pfm_top_xbar_6                            |    1 |
| pfm_top_xbar_5                            |    1 |
| pfm_top_xbar_4                            |    1 |
| pfm_top_xbar_3                            |    1 |
| pfm_top_xbar_2                            |    1 |
| pfm_top_xbar_16                           |    1 |
| pfm_top_xbar_15                           |    1 |
| pfm_top_xbar_14                           |    1 |
| pfm_top_xbar_13                           |    1 |
| pfm_top_xbar_12                           |    1 |
| pfm_top_xbar_11                           |    1 |
| pfm_top_xbar_10                           |    1 |
| pfm_top_xbar_1                            |    1 |
| pfm_top_xbar_0                            |    1 |
| pfm_top_util_vector_logic_0_0             |    1 |
| pfm_top_user_debug_hub_0                  |    1 |
| pfm_top_user_debug_bridge_0               |    1 |
| pfm_top_sys_mgmt_wiz_0                    |    1 |
| pfm_top_static_slr_flops_slr2_0           |    1 |
| pfm_top_static_slr_flops_slr0_0           |    1 |
| pfm_top_scratchpad_ram_ctrl_0             |    1 |
| pfm_top_scratchpad_ram_0                  |    1 |
| pfm_top_scheduler_bram_ctrl_0             |    1 |
| pfm_top_s02_regslice_0                    |    1 |
| pfm_top_s02_mmu_0                         |    1 |
| pfm_top_s01_regslice_2                    |    1 |
| pfm_top_s01_regslice_1                    |    1 |
| pfm_top_s01_regslice_0                    |    1 |
| pfm_top_s01_mmu_0                         |    1 |
| pfm_top_s00_regslice_5                    |    1 |
| pfm_top_s00_regslice_4                    |    1 |
| pfm_top_s00_regslice_3                    |    1 |
| pfm_top_s00_regslice_2                    |    1 |
| pfm_top_s00_regslice_1                    |    1 |
| pfm_top_s00_regslice_0                    |    1 |
| pfm_top_s00_mmu_1                         |    1 |
| pfm_top_s00_mmu_0                         |    1 |
| pfm_top_s00_data_fifo_0                   |    1 |
| pfm_top_reset_wdt_0                       |    1 |
| pfm_top_regslice_freq_cntr_mgntpf_0       |    1 |
| pfm_top_regslice_ddrmem_1_0               |    1 |
| pfm_top_regslice_data_static_0            |    1 |
| pfm_top_regslice_data_slr2_si_0           |    1 |
| pfm_top_regslice_data_slr2_mi_0           |    1 |
| pfm_top_regslice_data_slr0_si_0           |    1 |
| pfm_top_regslice_data_slr0_mi_0           |    1 |
| pfm_top_regslice_data_periph_0            |    1 |
| pfm_top_regslice_data_dynamic_0           |    1 |
| pfm_top_regslice_control_userpf_slr2_si_0 |    1 |
| pfm_top_regslice_control_userpf_slr2_mi_0 |    1 |
| pfm_top_regslice_control_userpf_slr0_si_0 |    1 |
| pfm_top_regslice_control_userpf_slr0_mi_0 |    1 |
| pfm_top_regslice_control_userpf_0         |    1 |
| pfm_top_regslice_control_mgntpf_0         |    1 |
| pfm_top_register_map_ctrl_0               |    1 |
| pfm_top_register_map_bram_0               |    1 |
| pfm_top_psreset_scheduler_0               |    1 |
| pfm_top_psreset_regslice_data_pr_0        |    1 |
| pfm_top_psreset_regslice_data_m00_axi_0   |    1 |
| pfm_top_psreset_regslice_ctrl_pr_0        |    1 |
| pfm_top_psreset_ddrmem_n_1_0              |    1 |
| pfm_top_psreset_ctrlclk_0                 |    1 |
| pfm_top_psreset_board_control_0           |    1 |
| pfm_top_psreset_axi_0                     |    1 |
| pfm_top_pr_decoupler_0_0                  |    1 |
| pfm_top_pf_demux_0_0                      |    1 |
| pfm_top_pcie_0                            |    1 |
| pfm_top_msp432_bsl_crc_gen_0_0            |    1 |
| pfm_top_microblaze_scheduler_0            |    1 |
| pfm_top_microblaze_board_control_0        |    1 |
| pfm_top_mgmt_debug_hub_0                  |    1 |
| pfm_top_mgmt_debug_bridge_0               |    1 |
| pfm_top_mdm_board_control_0               |    1 |
| pfm_top_mb_bram_ctrl_0                    |    1 |
| pfm_top_mailbox_0_0                       |    1 |
| pfm_top_m04_regslice_0                    |    1 |
| pfm_top_m03_regslice_1                    |    1 |
| pfm_top_m03_regslice_0                    |    1 |
| pfm_top_m02_regslice_1                    |    1 |
| pfm_top_m02_regslice_0                    |    1 |
| pfm_top_logic_reset_op_Res_0              |    1 |
| pfm_top_logic_pll_lock_0                  |    1 |
| pfm_top_logic_ddrcalib_op_0               |    1 |
| pfm_top_lmb_bram_if_cntlr_1               |    1 |
| pfm_top_lmb_bram_if_cntlr_0               |    1 |
| pfm_top_lmb_bram_1                        |    1 |
| pfm_top_lmb_bram_0                        |    1 |
| pfm_top_kdma_0_0                          |    1 |
| pfm_top_jtag_fallback_0                   |    1 |
| pfm_top_jtag_axi_xdma_0                   |    1 |
| pfm_top_irq_or_gate_userfirewall_0        |    1 |
| pfm_top_irq_or_gate_userdebug_firewall_0  |    1 |
| pfm_top_irq_or_gate_mgmtfirewall_0        |    1 |
| pfm_top_irq_or_gate_maxifirewall_0        |    1 |
| pfm_top_iob_static_0                      |    1 |
| pfm_top_ilmb_v10_1                        |    1 |
| pfm_top_ilmb_v10_0                        |    1 |
| pfm_top_gate_pr_inv_0                     |    1 |
| pfm_top_gate_pr_0                         |    1 |
| pfm_top_flash_programmer_0                |    1 |
| pfm_top_feature_rom_mmu_0                 |    1 |
| pfm_top_feature_rom_ctrl_0                |    1 |
| pfm_top_feature_rom_0                     |    1 |
| pfm_top_embedded_scheduler_hw_0_0         |    1 |
| pfm_top_dma_pcie_0                        |    1 |
| pfm_top_dlmb_v10_1                        |    1 |
| pfm_top_dlmb_v10_0                        |    1 |
| pfm_top_ddrmem_1_0_phy                    |    1 |
| pfm_top_ddrmem_1_0                        |    1 |
| pfm_top_ddr_calib_status_0                |    1 |
| pfm_top_ddr1_clk_ibufds_0                 |    1 |
| pfm_top_ddr1_clk_bufg_0                   |    1 |
| pfm_top_cuisr_0_0                         |    1 |
| pfm_top_cq_bram_ctlr_0                    |    1 |
| pfm_top_clkwiz_sysclks_0                  |    1 |
| pfm_top_clkwiz_scheduler_0                |    1 |
| pfm_top_clkwiz_pcie_0                     |    1 |
| pfm_top_clkwiz_kernel_0                   |    1 |
| pfm_top_clkwiz_kernel2_0                  |    1 |
| pfm_top_clk_wiz_0_0                       |    1 |
| pfm_top_buf_refclk_ibuf_0                 |    1 |
| pfm_top_board_i2c_ctrl_0                  |    1 |
| pfm_top_axi_vip_data_m00_axi_0            |    1 |
| pfm_top_axi_vip_data_0                    |    1 |
| pfm_top_axi_vip_ctrl_userpf_0             |    1 |
| pfm_top_axi_vip_ctrl_mgntpf_0             |    1 |
| pfm_top_axi_uartlite_usb_0                |    1 |
| pfm_top_axi_uartlite_0_0                  |    1 |
| pfm_top_axi_timebase_wdt_0                |    1 |
| pfm_top_axi_protocol_converter_0_0        |    1 |
| pfm_top_axi_mb_interrupts_0               |    1 |
| pfm_top_axi_intc_0_1                      |    1 |
| pfm_top_axi_intc_0_0                      |    1 |
| pfm_top_axi_hwicap_0                      |    1 |
| pfm_top_axi_gpio_wdt_0                    |    1 |
| pfm_top_axi_gpio_qsfp_0                   |    1 |
| pfm_top_axi_gpio_mb_ctrl_0                |    1 |
| pfm_top_axi_gpio_axi_rstn_0               |    1 |
| pfm_top_axi_firewall_data_0               |    1 |
| pfm_top_axi_firewall_ctrl_user_debug_0    |    1 |
| pfm_top_axi_firewall_ctrl_user_0          |    1 |
| pfm_top_axi_firewall_ctrl_0               |    1 |
| pfm_top_axi_bypass_addr_0_0               |    1 |
| pfm_top_axi_bram_ctrl_0_bram_0            |    1 |
| pfm_top_axi_bmc_gpio_0                    |    1 |
| pfm_top_auto_rs_w_0                       |    1 |
| pfm_top_auto_pc_9                         |    1 |
| pfm_top_auto_pc_8                         |    1 |
| pfm_top_auto_pc_7                         |    1 |
| pfm_top_auto_pc_6                         |    1 |
| pfm_top_auto_pc_5                         |    1 |
| pfm_top_auto_pc_4                         |    1 |
| pfm_top_auto_pc_3                         |    1 |
| pfm_top_auto_pc_2                         |    1 |
| pfm_top_auto_pc_11                        |    1 |
| pfm_top_auto_pc_10                        |    1 |
| pfm_top_auto_pc_1                         |    1 |
| pfm_top_auto_pc_0                         |    1 |
| pfm_top_auto_ds_0                         |    1 |
| pfm_top_auto_cc_9                         |    1 |
| pfm_top_auto_cc_8                         |    1 |
| pfm_top_auto_cc_7                         |    1 |
| pfm_top_auto_cc_6                         |    1 |
| pfm_top_auto_cc_5                         |    1 |
| pfm_top_auto_cc_4                         |    1 |
| pfm_top_auto_cc_3                         |    1 |
| pfm_top_auto_cc_26                        |    1 |
| pfm_top_auto_cc_25                        |    1 |
| pfm_top_auto_cc_24                        |    1 |
| pfm_top_auto_cc_23                        |    1 |
| pfm_top_auto_cc_22                        |    1 |
| pfm_top_auto_cc_21                        |    1 |
| pfm_top_auto_cc_20                        |    1 |
| pfm_top_auto_cc_2                         |    1 |
| pfm_top_auto_cc_19                        |    1 |
| pfm_top_auto_cc_18                        |    1 |
| pfm_top_auto_cc_17                        |    1 |
| pfm_top_auto_cc_16                        |    1 |
| pfm_top_auto_cc_15                        |    1 |
| pfm_top_auto_cc_14                        |    1 |
| pfm_top_auto_cc_13                        |    1 |
| pfm_top_auto_cc_12                        |    1 |
| pfm_top_auto_cc_11                        |    1 |
| pfm_top_auto_cc_10                        |    1 |
| pfm_top_auto_cc_1                         |    1 |
| pfm_top_auto_cc_0                         |    1 |
| pfm_top_Monitor_AXI_Master_p2p_0          |    1 |
| pfm_top_Monitor_AXI_Master_kdma_0         |    1 |
| pfm_top_Monitor_AXI_Master_dma_pcie_0     |    1 |
| pfm_top_CuDmaController_0_0               |    1 |
| pfm_dynamic_xbar_2                        |    1 |
| pfm_dynamic_xbar_0                        |    1 |
| pfm_dynamic_table_serch_1_0               |    1 |
| pfm_dynamic_s00_regslice_13               |    1 |
| pfm_dynamic_s00_regslice_12               |    1 |
| pfm_dynamic_s00_regslice_11               |    1 |
| pfm_dynamic_s00_regslice_10               |    1 |
| pfm_dynamic_regslice_data_static_0        |    1 |
| pfm_dynamic_regslice_data_m00_axi_0       |    1 |
| pfm_dynamic_regslice_data_dynamic_0       |    1 |
| pfm_dynamic_regslice_data_1               |    1 |
| pfm_dynamic_regslice_data_0               |    1 |
| pfm_dynamic_regslice_control_userpf_2     |    1 |
| pfm_dynamic_regslice_control_userpf_1     |    1 |
| pfm_dynamic_regslice_control_userpf_0     |    1 |
| pfm_dynamic_regslice_control_mgntpf_0     |    1 |
| pfm_dynamic_psreset_gate_pr_kernel_2      |    1 |
| pfm_dynamic_psreset_gate_pr_kernel_1      |    1 |
| pfm_dynamic_psreset_gate_pr_kernel_0      |    1 |
| pfm_dynamic_psreset_gate_pr_kernel2_2     |    1 |
| pfm_dynamic_psreset_gate_pr_kernel2_1     |    1 |
| pfm_dynamic_psreset_gate_pr_kernel2_0     |    1 |
| pfm_dynamic_psreset_gate_pr_ddrmem_1_0    |    1 |
| pfm_dynamic_psreset_gate_pr_data_2        |    1 |
| pfm_dynamic_psreset_gate_pr_data_1        |    1 |
| pfm_dynamic_psreset_gate_pr_data_0        |    1 |
| pfm_dynamic_psreset_gate_pr_control_2     |    1 |
| pfm_dynamic_psreset_gate_pr_control_1     |    1 |
| pfm_dynamic_psreset_gate_pr_control_0     |    1 |
| pfm_dynamic_memory_subsystem_0            |    1 |
| pfm_dynamic_m07_regslice_0                |    1 |
| pfm_dynamic_m06_regslice_0                |    1 |
| pfm_dynamic_m05_regslice_0                |    1 |
| pfm_dynamic_m04_regslice_0                |    1 |
| pfm_dynamic_m03_regslice_0                |    1 |
| pfm_dynamic_m02_regslice_0                |    1 |
| pfm_dynamic_m01_regslice_3                |    1 |
| pfm_dynamic_m01_regslice_2                |    1 |
| pfm_dynamic_m00_regslice_3                |    1 |
| pfm_dynamic_m00_regslice_2                |    1 |
| pfm_dynamic_logic_reset_op_0              |    1 |
| pfm_dynamic_freq_counter_0_0              |    1 |
| pfm_dynamic_dpa_reg_slice_0               |    1 |
| pfm_dynamic_dpa_reg_slice2_0              |    1 |
| pfm_dynamic_dpa_mon5_0                    |    1 |
| pfm_dynamic_dpa_mon4_0                    |    1 |
| pfm_dynamic_dpa_mon3_0                    |    1 |
| pfm_dynamic_dpa_mon2_0                    |    1 |
| pfm_dynamic_dpa_mon1_0                    |    1 |
| pfm_dynamic_dpa_mon0_0                    |    1 |
| pfm_dynamic_dpa_hub_0                     |    1 |
| pfm_dynamic_dpa_fifo_0                    |    1 |
| pfm_dynamic_dpa_cdc_0                     |    1 |
| pfm_dynamic_debug_bridge_xsdbm_0          |    1 |
| pfm_dynamic_axi_vip_data_static_0         |    1 |
| pfm_dynamic_axi_vip_data_m00_axi_0        |    1 |
| pfm_dynamic_axi_vip_data_dynamic_0        |    1 |
| pfm_dynamic_axi_vip_data_1                |    1 |
| pfm_dynamic_axi_vip_data_0                |    1 |
| pfm_dynamic_axi_vip_ctrl_userpf_2         |    1 |
| pfm_dynamic_axi_vip_ctrl_userpf_1         |    1 |
| pfm_dynamic_axi_vip_ctrl_userpf_0         |    1 |
| pfm_dynamic_axi_vip_ctrl_mgntpf_0         |    1 |
| pfm_dynamic_axi_gpio_null_2               |    1 |
| pfm_dynamic_axi_gpio_null_0               |    1 |
| pfm_dynamic_axi_cdc_data_static_0         |    1 |
| pfm_dynamic_axi_cdc_data_dynamic_0        |    1 |
| pfm_dynamic_axi_cdc_data_1                |    1 |
| pfm_dynamic_axi_cdc_data_0                |    1 |
| pfm_dynamic_auto_cc_8                     |    1 |
| pfm_dynamic_auto_cc_7                     |    1 |
| pfm_dynamic_auto_cc_6                     |    1 |
| pfm_dynamic_auto_cc_5                     |    1 |
| pfm_dynamic_auto_cc_4                     |    1 |
| pfm_dynamic_auto_cc_3                     |    1 |
| pfm_dynamic_auto_cc_2                     |    1 |
| pfm_dynamic_auto_cc_1                     |    1 |
| pfm_dynamic_auto_cc_0                     |    1 |
| pfm_dynamic                               |    1 |
| bd_ebbe_lut_buffer_0                      |    1 |
| bd_d216_vip_ui_rst_DDR4_MEM01_0           |    1 |
| bd_d216_vip_ui_rst_DDR4_MEM00_0           |    1 |
| bd_d216_vip_ui_clk_DDR4_MEM01_0           |    1 |
| bd_d216_vip_ui_clk_DDR4_MEM00_0           |    1 |
| bd_d216_vip_ctrl_DDR4_MEM01_0             |    1 |
| bd_d216_vip_ctrl_DDR4_MEM00_0             |    1 |
| bd_d216_vip_S08_AXI_0                     |    1 |
| bd_d216_vip_S07_AXI_0                     |    1 |
| bd_d216_vip_S06_AXI_0                     |    1 |
| bd_d216_vip_S05_AXI_0                     |    1 |
| bd_d216_vip_S04_AXI_0                     |    1 |
| bd_d216_vip_S02_AXI_0                     |    1 |
| bd_d216_vip_S01_AXI_0                     |    1 |
| bd_d216_vip_S00_AXI_0                     |    1 |
| bd_d216_vip_PLRAM_MEM01_0                 |    1 |
| bd_d216_vip_PLRAM_MEM00_0                 |    1 |
| bd_d216_vip_M00_AXI_0                     |    1 |
| bd_d216_vip_DDR4_MEM01_0                  |    1 |
| bd_d216_vip_DDR4_MEM00_0                  |    1 |
| bd_d216_rs_M00_AXI_0                      |    1 |
| bd_d216_psr_ddr4_mem01_0                  |    1 |
| bd_d216_psr_ddr4_mem00_0                  |    1 |
| bd_d216_psr_ctrl_interconnect_0           |    1 |
| bd_d216_psr_aclk_SLR1_0                   |    1 |
| bd_d216_psr_aclk_SLR0_0                   |    1 |
| bd_d216_psr_aclk2_SLR1_0                  |    1 |
| bd_d216_plram_mem01_bram_0                |    1 |
| bd_d216_plram_mem01_0                     |    1 |
| bd_d216_plram_mem00_bram_0                |    1 |
| bd_d216_plram_mem00_0                     |    1 |
| bd_d216_interconnect_ddrmem_ctrl_0        |    1 |
| bd_d216_interconnect_S02_AXI_0            |    1 |
| bd_d216_interconnect_S00_AXI_0            |    1 |
| bd_d216_interconnect_PLRAM_MEM01_0        |    1 |
| bd_d216_interconnect_PLRAM_MEM00_0        |    1 |
| bd_d216_interconnect_M00_AXI_MEM00_0      |    1 |
| bd_d216_interconnect_DDR4_MEM01_0         |    1 |
| bd_d216_interconnect_DDR4_MEM00_0         |    1 |
| bd_d216_ddr4_mem01_ctrl_cc_0              |    1 |
| bd_d216_ddr4_mem01_0                      |    1 |
| bd_d216_ddr4_mem00_ctrl_cc_0              |    1 |
| bd_d216_ddr4_mem00_0                      |    1 |
| bd_d216_calib_reduce_0                    |    1 |
| bd_4042_bs_switch_0                       |    1 |
| bd_3566_bsip_0                            |    1 |
| bd_3566_bs_switch_1_0                     |    1 |
| bd_3566_axi_jtag_0                        |    1 |
| bd_2e71_lut_buffer_0                      |    1 |
| bd_2e71_bs_switch_0                       |    1 |
| bd_256f_lut_buffer_0                      |    1 |
| bd_256f_bs_switch_0                       |    1 |
| bd_0301_bsip_0                            |    1 |
| bd_0301_bs_switch_1_0                     |    1 |
| bd_0301_bs_switch_0                       |    1 |
| bd_0301_bs_mux_0                          |    1 |
| bd_0301_axi_jtag_0                        |    1 |
+-------------------------------------------+------+


11. SLR Connectivity
--------------------

+----------------------------------+------+-------+-----------+-------+
|                                  | Used | Fixed | Available | Util% |
+----------------------------------+------+-------+-----------+-------+
| SLR2 <-> SLR1                    | 1387 |       |     17280 |  8.03 |
|   SLR1 -> SLR2                   |  818 |       |           |  4.73 |
|     Using TX_REG only            |    0 |     0 |           |       |
|     Using RX_REG only            |    0 |     0 |           |       |
|     Using Both TX_REG and RX_REG |    0 |     0 |           |       |
|   SLR2 -> SLR1                   |  569 |       |           |  3.29 |
|     Using TX_REG only            |    0 |     0 |           |       |
|     Using RX_REG only            |    0 |     0 |           |       |
|     Using Both TX_REG and RX_REG |    0 |     0 |           |       |
| SLR1 <-> SLR0                    | 1387 |       |     17280 |  8.03 |
|   SLR0 -> SLR1                   |  569 |       |           |  3.29 |
|     Using TX_REG only            |    0 |     0 |           |       |
|     Using RX_REG only            |    0 |     0 |           |       |
|     Using Both TX_REG and RX_REG |    0 |     0 |           |       |
|   SLR1 -> SLR0                   |  818 |       |           |  4.73 |
|     Using TX_REG only            |    0 |     0 |           |       |
|     Using RX_REG only            |    0 |     0 |           |       |
|     Using Both TX_REG and RX_REG |    0 |     0 |           |       |
+----------------------------------+------+-------+-----------+-------+
| Total SLLs Used                  | 2774 |       |           |       |
+----------------------------------+------+-------+-----------+-------+


12. SLR Connectivity Matrix
---------------------------

+-----------+------+------+------+
| FROM \ TO | SLR2 | SLR1 | SLR0 |
+-----------+------+------+------+
| SLR2      |    0 |  569 |    0 |
| SLR1      |  818 |    0 |  818 |
| SLR0      |    0 |  569 |    0 |
+-----------+------+------+------+


13. SLR CLB Logic and Dedicated Block Utilization
-------------------------------------------------

+----------------------------+------+--------+------+--------+--------+--------+
|          Site Type         | SLR0 |  SLR1  | SLR2 | SLR0 % | SLR1 % | SLR2 % |
+----------------------------+------+--------+------+--------+--------+--------+
| CLB                        |    0 |      0 |    0 |   0.00 |   0.00 |   0.00 |
|   CLBL                     |  142 |  16650 |  142 |   0.58 |  67.68 |   0.58 |
|   CLBM                     |  101 |   1572 |  101 |   0.41 |   6.37 |   0.41 |
| CLB LUTs                   | 1935 | 145769 | 1935 |   0.49 |  36.99 |   0.49 |
|   LUT as Logic             | 1134 | 133199 | 1134 |   0.29 |  33.80 |   0.29 |
|   LUT as Memory            |  801 |  12570 |  801 |   0.41 |   6.37 |   0.41 |
|     LUT as Distributed RAM |    0 |   6991 |    0 |   0.00 |   3.54 |   0.00 |
|     LUT as Shift Register  |  801 |   5579 |  801 |   0.41 |   2.83 |   0.41 |
| CLB Registers              | 1962 | 174255 | 1962 |   0.25 |  22.11 |   0.25 |
| CARRY8                     |    0 |   1356 |    0 |   0.00 |   2.75 |   0.00 |
| F7 Muxes                   |    0 |   2073 |    0 |   0.00 |   1.05 |   0.00 |
| F8 Muxes                   |    0 |    204 |    0 |   0.00 |   0.21 |   0.00 |
| F9 Muxes                   |    0 |      0 |    0 |   0.00 |   0.00 |   0.00 |
| Block RAM Tile             |    0 |  264.5 |    0 |   0.00 |  36.74 |   0.00 |
|   RAMB36/FIFO              |    0 |    257 |    0 |   0.00 |  35.69 |   0.00 |
|   RAMB18                   |    0 |     15 |    0 |   0.00 |   1.04 |   0.00 |
| URAM                       |    0 |      0 |    0 |   0.00 |   0.00 |   0.00 |
| DSPs                       |    0 |      7 |    0 |   0.00 |   0.31 |   0.00 |
| PLL                        |    0 |      0 |    0 |   0.00 |   0.00 |   0.00 |
| MMCM                       |    0 |      0 |    0 |   0.00 |   0.00 |   0.00 |
| Unique Control Sets        |   30 |   6545 |   30 |   0.03 |   6.64 |   0.03 |
+----------------------------+------+--------+------+--------+--------+--------+
* Note: Available Control Sets based on CLB Registers / 8


14. SLR IO Utilization
----------------------

+-----------+-----------+---------+------------+----------+------------+----------+-----+
| SLR Index | Used IOBs | (%)IOBs | Used IPADs | (%)IPADs | Used OPADs | (%)OPADs | GTs |
+-----------+-----------+---------+------------+----------+------------+----------+-----+
| SLR2      |         0 |    0.00 |          0 |     0.00 |          0 |     0.00 |   0 |
| SLR1      |       300 |   82.42 |          0 |     0.00 |          0 |     0.00 |  16 |
| SLR0      |       139 |   89.10 |          0 |     0.00 |          0 |     0.00 |   0 |
+-----------+-----------+---------+------------+----------+------------+----------+-----+
| Total     |       439 |         |          0 |          |          0 |          |  16 |
+-----------+-----------+---------+------------+----------+------------+----------+-----+


