Copyright 1986-2020 Xilinx, Inc. All Rights Reserved.
----------------------------------------------------------------------------------------------------------------------------------------------------------------------------------------------
| Tool Version : Vivado v.2020.2 (lin64) Build 3064766 Wed Nov 18 09:12:47 MST 2020
| Date         : Sun Apr 17 15:39:03 2022
| Host         : alveo20 running 64-bit Ubuntu 18.04.6 LTS
| Command      : report_accelerator_utilization -kernels { table_serch:pfm_top_i/dynamic_region/table_serch_1/inst:table_serch_1} -file kernel_util_placed.rpt -name kernel_util_placed -json
| Design       : pfm_top_wrapper
| Device       : xcu200
| Design State : Fully Placed
----------------------------------------------------------------------------------------------------------------------------------------------------------------------------------------------

Accelerator Utilization Design Information

Table of Contents
-----------------
1. System Utilization

1. System Utilization
---------------------

+---------------------+------------------+------------------+-------------------+----------------+---------------+----------------+
| Name                | LUT              | LUTAsMem         | REG               | BRAM           | URAM          | DSP            |
+---------------------+------------------+------------------+-------------------+----------------+---------------+----------------+
| Platform            | 244224 [ 20.66%] |  35865 [  6.06%] |  369363 [ 15.62%] |  543 [ 25.14%] |   0 [  0.00%] |   13 [  0.19%] |
| User Budget         | 938016 [100.00%] | 555975 [100.00%] | 1995117 [100.00%] | 1617 [100.00%] | 960 [100.00%] | 6827 [100.00%] |
|    Used Resources   |   7353 [  0.78%] |   1020 [  0.18%] |   14663 [  0.73%] |   16 [  0.99%] |   0 [  0.00%] |    0 [  0.00%] |
|    Unused Resources | 930663 [ 99.22%] | 554955 [ 99.82%] | 1980454 [ 99.27%] | 1601 [ 99.01%] | 960 [100.00%] | 6827 [100.00%] |
| table_serch         |   7353 [  0.78%] |   1020 [  0.18%] |   14663 [  0.73%] |   16 [  0.99%] |   0 [  0.00%] |    0 [  0.00%] |
|    table_serch_1    |   7353 [  0.78%] |   1020 [  0.18%] |   14663 [  0.73%] |   16 [  0.99%] |   0 [  0.00%] |    0 [  0.00%] |
+---------------------+------------------+------------------+-------------------+----------------+---------------+----------------+


