#-----------------------------------------------------------
# Webtalk v2020.2 (64-bit)
# SW Build 3064766 on Wed Nov 18 09:12:47 MST 2020
# IP Build 3064653 on Wed Nov 18 14:17:31 MST 2020
# Start of session at: Wed Apr 13 19:05:40 2022
# Process ID: 14155
# Current directory: /home/nomoto/src/StagedLSH/ver1.2/soft/u200/hw_emu/.run/13618/hw_em/device0/binary_0/behav_waveform/xsim
# Command line: wbtcv -mode batch -source /home/nomoto/src/StagedLSH/ver1.2/soft/u200/hw_emu/.run/13618/hw_em/device0/binary_0/behav_waveform/xsim/xsim.dir/emu_wrapper_behav/webtalk/xsim_webtalk.tcl -notrace
# Log file: /home/nomoto/src/StagedLSH/ver1.2/soft/u200/hw_emu/.run/13618/hw_em/device0/binary_0/behav_waveform/xsim/webtalk.log
# Journal file: /home/nomoto/src/StagedLSH/ver1.2/soft/u200/hw_emu/.run/13618/hw_em/device0/binary_0/behav_waveform/xsim/webtalk.jou
#-----------------------------------------------------------
source /home/nomoto/src/StagedLSH/ver1.2/soft/u200/hw_emu/.run/13618/hw_em/device0/binary_0/behav_waveform/xsim/xsim.dir/emu_wrapper_behav/webtalk/xsim_webtalk.tcl -notrace
