

================================================================
== Synthesis Summary Report of 'table_serch'
================================================================
+ General Information: 
    * Date:           Fri Jun  3 08:30:22 2022
    * Version:        2020.2 (Build 3064766 on Wed Nov 18 09:12:47 MST 2020)
    * Project:        yan
    * Solution:       solution1 (Vitis Kernel Flow Target)
    * Product family: virtexuplus
    * Target device:  xcu200-fsgd2104-2-e
    

+ Performance & Resource Estimates: 
    
    PS: '+' for module; 'o' for loop; '*' for dataflow
    +---------------------------------------+--------+-------+---------+---------+----------+---------+------+----------+---------+----+-------------+------------+-----+
    |                Modules                |  Issue |       | Latency | Latency | Iteration|         | Trip |          |         |    |             |            |     |
    |                & Loops                |  Type  | Slack | (cycles)|   (ns)  |  Latency | Interval| Count| Pipelined|  BRAM   | DSP|      FF     |     LUT    | URAM|
    +---------------------------------------+--------+-------+---------+---------+----------+---------+------+----------+---------+----+-------------+------------+-----+
    |+ table_serch                          |  Timing|   0.00|        -|        -|         -|        -|     -|        no|  66 (1%)|   -|  11254 (~0%)|  28570 (2%)|    -|
    | + grp_backet_serch_fu_299             |  Timing|   0.00|        -|        -|         -|        -|     -|        no|        -|   -|   4907 (~0%)|  18856 (1%)|    -|
    |  + haming_dis_screen_hd_cal96_fu_413  |       -|  -3.72|        0|    0.000|         -|        0|     -|        no|        -|   -|            -|  5129 (~0%)|    -|
    |  + reg_hd_cal32_fu_419                |      II|  -4.44|        0|    0.000|         -|        1|     -|       yes|        -|   -|            -|   838 (~0%)|    -|
    |  + reg_1_hd_cal32_fu_425              |      II|  -4.44|        0|    0.000|         -|        1|     -|       yes|        -|   -|            -|   838 (~0%)|    -|
    |  + reg_2_hd_cal32_fu_431              |      II|  -4.44|        0|    0.000|         -|        1|     -|       yes|        -|   -|            -|   838 (~0%)|    -|
    |  + reg_3_hd_cal32_fu_437              |      II|  -4.44|        0|    0.000|         -|        1|     -|       yes|        -|   -|            -|   838 (~0%)|    -|
    |  o bucket_loop                        |       -|  -7.30|        -|        -|       324|        -|     -|        no|        -|   -|            -|           -|    -|
    |   o seisa_loop                        |       -|  -7.30|       33|  330.000|         3|        1|    32|       yes|        -|   -|            -|           -|    -|
    | + grp_hid_cal_fu_317                  |       -|  -6.12|        0|    0.000|         -|        0|     -|        no|        -|   -|            -|   249 (~0%)|    -|
    | o flame_serch                         |       -|  -7.30|        -|        -|         -|        -|     -|        no|        -|   -|            -|           -|    -|
    +---------------------------------------+--------+-------+---------+---------+----------+---------+------+----------+---------+----+-------------+------------+-----+

