

================================================================
== Synthesis Summary Report of 'kernel'
================================================================
+ General Information: 
    * Date:           Sun Apr 10 01:18:36 2022
    * Version:        2020.2 (Build 3064766 on Wed Nov 18 09:12:47 MST 2020)
    * Project:        test
    * Solution:       solution1 (Vitis Kernel Flow Target)
    * Product family: virtexuplus
    * Target device:  xcu200-fsgd2104-2-e
    

+ Performance & Resource Estimates: 
    
    PS: '+' for module; 'o' for loop; '*' for dataflow
    +----------+--------+------+---------+-----------+----------+---------+------+----------+----------+----+------------+------------+-----+
    |  Modules |  Issue |      | Latency |  Latency  | Iteration|         | Trip |          |          |    |            |            |     |
    |  & Loops |  Type  | Slack| (cycles)|    (ns)   |  Latency | Interval| Count| Pipelined|   BRAM   | DSP|     FF     |     LUT    | URAM|
    +----------+--------+------+---------+-----------+----------+---------+------+----------+----------+----+------------+------------+-----+
    |+ kernel  |  Timing|  0.00|      141|  1.410e+03|         -|      142|     -|        no|  30 (~0%)|   -|  2466 (~0%)|  3005 (~0%)|    -|
    +----------+--------+------+---------+-----------+----------+---------+------+----------+----------+----+------------+------------+-----+

